../Drivers/CMSIS/Include/core_cm4.h:1684:22:__NVIC_EnableIRQ	16	static,ignoring_inline_asm
../Drivers/CMSIS/Include/core_cm4.h:1814:22:__NVIC_SetPriority	16	static
../Drivers/Modules/ButtonDriver.c:22:6:ButtonDriverInt_init	16	static
../Drivers/Modules/ButtonDriver.c:81:6:TIM2_IRQHandler	4	static
../Drivers/Modules/ButtonDriver.c:105:6:EXTI15_10_IRQHandler	8	static
../Drivers/Modules/ButtonDriver.c:164:6:ButtonDriver_init	4	static
../Drivers/Modules/ButtonDriver.c:185:5:ButtonDriver_get_state	4	static
