../Core/Src/main.c:33:5:main	16	static
../Core/Src/main.c:85:6:Task1_Handler	16	static,ignoring_inline_asm
../Core/Src/main.c:99:6:Task2_Handler	16	static,ignoring_inline_asm
../Core/Src/main.c:112:6:setup	4	static
../Core/Src/main.c:122:6:usart_config	4	static
../Core/Src/main.c:151:6:print_uart	16	static
../Core/Src/main.c:165:6:SystemClock_Config	88	static
../Core/Src/main.c:212:13:MX_USART2_UART_Init	8	static
../Core/Src/main.c:245:13:MX_GPIO_Init	48	static
../Core/Src/main.c:291:6:HAL_TIM_PeriodElapsedCallback	16	static
../Core/Src/main.c:309:6:Error_Handler	4	static,ignoring_inline_asm
