Archive member included to satisfy reference by file (symbol)

../Middlewares/ST/ARM/DSP/Lib/libarm_cortexM4lf_math.a(arm_biquad_cascade_df1_init_f32.o)
                              ./Drivers/Modules/IIR_DSP.o (arm_biquad_cascade_df1_init_f32)
/Applications/STM32CubeIDE.app/Contents/Eclipse/plugins/com.st.stm32cube.ide.mcu.externaltools.gnu-tools-for-stm32.13.3.rel1.macos64_1.0.100.202509120712/tools/bin/../lib/gcc/arm-none-eabi/13.3.1/../../../../arm-none-eabi/lib/thumb/v7e-m+fp/hard/libc_nano.a(libc_a-exit.o)
                              /Applications/STM32CubeIDE.app/Contents/Eclipse/plugins/com.st.stm32cube.ide.mcu.externaltools.gnu-tools-for-stm32.13.3.rel1.macos64_1.0.100.202509120712/tools/bin/../lib/gcc/arm-none-eabi/13.3.1/../../../../arm-none-eabi/lib/thumb/v7e-m+fp/hard/crt0.o (exit)
/Applications/STM32CubeIDE.app/Contents/Eclipse/plugins/com.st.stm32cube.ide.mcu.externaltools.gnu-tools-for-stm32.13.3.rel1.macos64_1.0.100.202509120712/tools/bin/../lib/gcc/arm-none-eabi/13.3.1/../../../../arm-none-eabi/lib/thumb/v7e-m+fp/hard/libc_nano.a(libc_a-findfp.o)
                              /Applications/STM32CubeIDE.app/Contents/Eclipse/plugins/com.st.stm32cube.ide.mcu.externaltools.gnu-tools-for-stm32.13.3.rel1.macos64_1.0.100.202509120712/tools/bin/../lib/gcc/arm-none-eabi/13.3.1/../../../../arm-none-eabi/lib/thumb/v7e-m+fp/hard/libc_nano.a(libc_a-exit.o) (__stdio_exit_handler)
/Applications/STM32CubeIDE.app/Contents/Eclipse/plugins/com.st.stm32cube.ide.mcu.externaltools.gnu-tools-for-stm32.13.3.rel1.macos64_1.0.100.202509120712/tools/bin/../lib/gcc/arm-none-eabi/13.3.1/../../../../arm-none-eabi/lib/thumb/v7e-m+fp/hard/libc_nano.a(libc_a-fwalk.o)
                              /Applications/STM32CubeIDE.app/Contents/Eclipse/plugins/com.st.stm32cube.ide.mcu.externaltools.gnu-tools-for-stm32.13.3.rel1.macos64_1.0.100.202509120712/tools/bin/../lib/gcc/arm-none-eabi/13.3.1/../../../../arm-none-eabi/lib/thumb/v7e-m+fp/hard/libc_nano.a(libc_a-findfp.o) (_fwalk_sglue)
/Applications/STM32CubeIDE.app/Contents/Eclipse/plugins/com.st.stm32cube.ide.mcu.externaltools.gnu-tools-for-stm32.13.3.rel1.macos64_1.0.100.202509120712/tools/bin/../lib/gcc/arm-none-eabi/13.3.1/../../../../arm-none-eabi/lib/thumb/v7e-m+fp/hard/libc_nano.a(libc_a-memset.o)
                              /Applications/STM32CubeIDE.app/Contents/Eclipse/plugins/com.st.stm32cube.ide.mcu.externaltools.gnu-tools-for-stm32.13.3.rel1.macos64_1.0.100.202509120712/tools/bin/../lib/gcc/arm-none-eabi/13.3.1/../../../../arm-none-eabi/lib/thumb/v7e-m+fp/hard/crt0.o (memset)
/Applications/STM32CubeIDE.app/Contents/Eclipse/plugins/com.st.stm32cube.ide.mcu.externaltools.gnu-tools-for-stm32.13.3.rel1.macos64_1.0.100.202509120712/tools/bin/../lib/gcc/arm-none-eabi/13.3.1/../../../../arm-none-eabi/lib/thumb/v7e-m+fp/hard/libc_nano.a(libc_a-errno.o)
                              ./Core/Src/syscalls.o (__errno)
/Applications/STM32CubeIDE.app/Contents/Eclipse/plugins/com.st.stm32cube.ide.mcu.externaltools.gnu-tools-for-stm32.13.3.rel1.macos64_1.0.100.202509120712/tools/bin/../lib/gcc/arm-none-eabi/13.3.1/../../../../arm-none-eabi/lib/thumb/v7e-m+fp/hard/libc_nano.a(libc_a-init.o)
                              /Applications/STM32CubeIDE.app/Contents/Eclipse/plugins/com.st.stm32cube.ide.mcu.externaltools.gnu-tools-for-stm32.13.3.rel1.macos64_1.0.100.202509120712/tools/bin/../lib/gcc/arm-none-eabi/13.3.1/../../../../arm-none-eabi/lib/thumb/v7e-m+fp/hard/crt0.o (__libc_init_array)
/Applications/STM32CubeIDE.app/Contents/Eclipse/plugins/com.st.stm32cube.ide.mcu.externaltools.gnu-tools-for-stm32.13.3.rel1.macos64_1.0.100.202509120712/tools/bin/../lib/gcc/arm-none-eabi/13.3.1/../../../../arm-none-eabi/lib/thumb/v7e-m+fp/hard/libc_nano.a(libc_a-lock.o)
                              /Applications/STM32CubeIDE.app/Contents/Eclipse/plugins/com.st.stm32cube.ide.mcu.externaltools.gnu-tools-for-stm32.13.3.rel1.macos64_1.0.100.202509120712/tools/bin/../lib/gcc/arm-none-eabi/13.3.1/../../../../arm-none-eabi/lib/thumb/v7e-m+fp/hard/libc_nano.a(libc_a-findfp.o) (__retarget_lock_init_recursive)
/Applications/STM32CubeIDE.app/Contents/Eclipse/plugins/com.st.stm32cube.ide.mcu.externaltools.gnu-tools-for-stm32.13.3.rel1.macos64_1.0.100.202509120712/tools/bin/../lib/gcc/arm-none-eabi/13.3.1/../../../../arm-none-eabi/lib/thumb/v7e-m+fp/hard/libc_nano.a(libc_a-impure.o)
                              /Applications/STM32CubeIDE.app/Contents/Eclipse/plugins/com.st.stm32cube.ide.mcu.externaltools.gnu-tools-for-stm32.13.3.rel1.macos64_1.0.100.202509120712/tools/bin/../lib/gcc/arm-none-eabi/13.3.1/../../../../arm-none-eabi/lib/thumb/v7e-m+fp/hard/libc_nano.a(libc_a-errno.o) (_impure_ptr)
/Applications/STM32CubeIDE.app/Contents/Eclipse/plugins/com.st.stm32cube.ide.mcu.externaltools.gnu-tools-for-stm32.13.3.rel1.macos64_1.0.100.202509120712/tools/bin/../lib/gcc/arm-none-eabi/13.3.1/../../../../arm-none-eabi/lib/thumb/v7e-m+fp/hard/libc_nano.a(libc_a-strlen.o)
[...]
Memory Configuration

Name             Origin             Length             Attributes
RAM              0x20000000         0x00020000         xrw
FLASH            0x08000000         0x00080000         xr
*default*        0x00000000         0xffffffff

Linker script and memory map

LOAD /Applications/STM32CubeIDE.app/Contents/Eclipse/plugins/com.st.stm32cube.ide.mcu.externaltools.gnu-tools-for-stm32.13.3.rel1.macos64_1.0.100.202509120712/tools/bin/../lib/gcc/arm-none-eabi/13.3.1/thumb/v7e-m+fp/hard/crti.o
LOAD /Applications/STM32CubeIDE.app/Contents/Eclipse/plugins/com.st.stm32cube.ide.mcu.externaltools.gnu-tools-for-stm32.13.3.rel1.macos64_1.0.100.202509120712/tools/bin/../lib/gcc/arm-none-eabi/13.3.1/thumb/v7e-m+fp/hard/crtbegin.o
LOAD /Applications/STM32CubeIDE.app/Contents/Eclipse/plugins/com.st.stm32cube.ide.mcu.externaltools.gnu-tools-for-stm32.13.3.rel1.macos64_1.0.100.202509120712/tools/bin/../lib/gcc/arm-none-eabi/13.3.1/../../../../arm-none-eabi/lib/thumb/v7e-m+fp/hard/crt0.o
LOAD ./Core/Src/main.o
LOAD ./Core/Src/stm32f4xx_hal_msp.o
LOAD ./Core/Src/stm32f4xx_it.o
LOAD ./Core/Src/syscalls.o
LOAD ./Core/Src/sysmem.o
LOAD ./Core/Src/system_stm32f4xx.o
LOAD ./Core/Startup/startup_stm32f411retx.o
LOAD ./Drivers/Modules/ADCDriver.o
LOAD ./Drivers/Modules/HELPER.o
LOAD ./Drivers/Modules/IIR_DSP.o
LOAD ./Drivers/Modules/TimerDriver.o
LOAD ./Drivers/Modules/UARTDriver.o
LOAD ./Drivers/STM32F4xx_HAL_Driver/Src/stm32f4xx_hal.o
LOAD ./Drivers/STM32F4xx_HAL_Driver/Src/stm32f4xx_hal_cortex.o
LOAD ./Drivers/STM32F4xx_HAL_Driver/Src/stm32f4xx_hal_dma.o
LOAD ./Drivers/STM32F4xx_HAL_Driver/Src/stm32f4xx_hal_dma_ex.o
LOAD ./Drivers/STM32F4xx_HAL_Driver/Src/stm32f4xx_hal_exti.o
LOAD ./Drivers/STM32F4xx_HAL_Driver/Src/stm32f4xx_hal_flash.o
LOAD ./Drivers/STM32F4xx_HAL_Driver/Src/stm32f4xx_hal_flash_ex.o
LOAD ./Drivers/STM32F4xx_HAL_Driver/Src/stm32f4xx_hal_flash_ramfunc.o
LOAD ./Drivers/STM32F4xx_HAL_Driver/Src/stm32f4xx_hal_gpio.o
LOAD ./Drivers/STM32F4xx_HAL_Driver/Src/stm32f4xx_hal_pwr.o
LOAD ./Drivers/STM32F4xx_HAL_Driver/Src/stm32f4xx_hal_pwr_ex.o
LOAD ./Drivers/STM32F4xx_HAL_Driver/Src/stm32f4xx_hal_rcc.o
LOAD ./Drivers/STM32F4xx_HAL_Driver/Src/stm32f4xx_hal_rcc_ex.o
LOAD ./Drivers/STM32F4xx_HAL_Driver/Src/stm32f4xx_hal_uart.o
LOAD ../Middlewares/ST/ARM/DSP/Lib/libarm_cortexM4lf_math.a
START GROUP
LOAD /Applications/STM32CubeIDE.app/Contents/Eclipse/plugins/com.st.stm32cube.ide.mcu.externaltools.gnu-tools-for-stm32.13.3.rel1.macos64_1.0.100.202509120712/tools/bin/../lib/gcc/arm-none-eabi/13.3.1/../../../../arm-none-eabi/lib/thumb/v7e-m+fp/hard/libc_nano.a
LOAD /Applications/STM32CubeIDE.app/Contents/Eclipse/plugins/com.st.stm32cube.ide.mcu.externaltools.gnu-tools-for-stm32.13.3.rel1.macos64_1.0.100.202509120712/tools/bin/../lib/gcc/arm-none-eabi/13.3.1/../../../../arm-none-eabi/lib/thumb/v7e-m+fp/hard/libm.a
END GROUP
START GROUP
LOAD /Applications/STM32CubeIDE.app/Contents/Eclipse/plugins/com.st.stm32cube.ide.mcu.externaltools.gnu-tools-for-stm32.13.3.rel1.macos64_1.0.100.202509120712/tools/bin/../lib/gcc/arm-none-eabi/13.3.1/thumb/v7e-m+fp/hard/libgcc.a
LOAD /Applications/STM32CubeIDE.app/Contents/Eclipse/plugins/com.st.stm32cube.ide.mcu.externaltools.gnu-tools-for-stm32.13.3.rel1.macos64_1.0.100.202509120712/tools/bin/../lib/gcc/arm-none-eabi/13.3.1/../../../../arm-none-eabi/lib/thumb/v7e-m+fp/hard/libc_nano.a
END GROUP
START GROUP
LOAD /Applications/STM32CubeIDE.app/Contents/Eclipse/plugins/com.st.stm32cube.ide.mcu.externaltools.gnu-tools-for-stm32.13.3.rel1.macos64_1.0.100.202509120712/tools/bin/../lib/gcc/arm-none-eabi/13.3.1/thumb/v7e-m+fp/hard/libgcc.a
LOAD /Applications/STM32CubeIDE.app/Contents/Eclipse/plugins/com.st.stm32cube.ide.mcu.externaltools.gnu-tools-for-stm32.13.3.rel1.macos64_1.0.100.202509120712/tools/bin/../lib/gcc/arm-none-eabi/13.3.1/../../../../arm-none-eabi/lib/thumb/v7e-m+fp/hard/libc_nano.a
LOAD /Applications/STM32CubeIDE.app/Contents/Eclipse/plugins/com.st.stm32cube.ide.mcu.externaltools.gnu-tools-for-stm32.13.3.rel1.macos64_1.0.100.202509120712/tools/bin/../lib/gcc/arm-none-eabi/13.3.1/../../../../arm-none-eabi/lib/thumb/v7e-m+fp/hard/libnosys.a
END GROUP
START GROUP
LOAD /Applications/STM32CubeIDE.app/Contents/Eclipse/plugins/com.st.stm32cube.ide.mcu.externaltools.gnu-tools-for-stm32.13.3.rel1.macos64_1.0.100.202509120712/tools/bin/../lib/gcc/arm-none-eabi/13.3.1/thumb/v7e-m+fp/hard/libgcc.a
LOAD /Applications/STM32CubeIDE.app/Contents/Eclipse/plugins/com.st.stm32cube.ide.mcu.externaltools.gnu-tools-for-stm32.13.3.rel1.macos64_1.0.100.202509120712/tools/bin/../lib/gcc/arm-none-eabi/13.3.1/../../../../arm-none-eabi/lib/thumb/v7e-m+fp/hard/libc_nano.a
LOAD /Applications/STM32CubeIDE.app/Contents/Eclipse/plugins/com.st.stm32cube.ide.mcu.externaltools.gnu-tools-for-stm32.13.3.rel1.macos64_1.0.100.202509120712/tools/bin/../lib/gcc/arm-none-eabi/13.3.1/../../../../arm-none-eabi/lib/thumb/v7e-m+fp/hard/libnosys.a
END GROUP
LOAD /Applications/STM32CubeIDE.app/Contents/Eclipse/plugins/com.st.stm32cube.ide.mcu.externaltools.gnu-tools-for-stm32.13.3.rel1.macos64_1.0.100.202509120712/tools/bin/../lib/gcc/arm-none-eabi/13.3.1/thumb/v7e-m+fp/hard/crtend.o
LOAD /Applications/STM32CubeIDE.app/Contents/Eclipse/plugins/com.st.stm32cube.ide.mcu.externaltools.gnu-tools-for-stm32.13.3.rel1.macos64_1.0.100.202509120712/tools/bin/../lib/gcc/arm-none-eabi/13.3.1/thumb/v7e-m+fp/hard/crtn.o
                0x20020000                        _estack = (ORIGIN (RAM) + LENGTH (RAM))
                0x00000200                        _Min_Heap_Size = 0x200
                0x00000400                        _Min_Stack_Size = 0x400

.isr_vector     0x08000000      0x198
                0x08000000                        . = ALIGN (0x4)
 *(.isr_vector)
 .isr_vector    0x08000000      0x198 ./Core/Startup/startup_stm32f411retx.o
                0x08000000                g_pfnVectors
                0x08000198                        . = ALIGN (0x4)

.text           0x08000198     0x1a3c
                0x08000198                        . = ALIGN (0x4)
 *(.text)
 .text          0x08000198       0x40 /Applications/STM32CubeIDE.app/Contents/Eclipse/plugins/com.st.stm32cube.ide.mcu.externaltools.gnu-tools-for-stm32.13.3.rel1.macos64_1.0.100.202509120712/tools/bin/../lib/gcc/arm-none-eabi/13.3.1/thumb/v7e-m+fp/hard/crtbegin.o
 .text          0x080001d8       0x30 /Applications/STM32CubeIDE.app/Contents/Eclipse/plugins/com.st.stm32cube.ide.mcu.externaltools.gnu-tools-for-stm32.13.3.rel1.macos64_1.0.100.202509120712/tools/bin/../lib/gcc/arm-none-eabi/13.3.1/thumb/v7e-m+fp/hard/libgcc.a(_aeabi_uldivmod.o)
                0x080001d8                __aeabi_uldivmod
 .text          0x08000208      0x2f8 /Applications/STM32CubeIDE.app/Contents/Eclipse/plugins/com.st.stm32cube.ide.mcu.externaltools.gnu-tools-for-stm32.13.3.rel1.macos64_1.0.100.202509120712/tools/bin/../lib/gcc/arm-none-eabi/13.3.1/thumb/v7e-m+fp/hard/libgcc.a(_udivmoddi4.o)
                0x08000208                __udivmoddi4
 .text          0x08000500        0x4 /Applications/STM32CubeIDE.app/Contents/Eclipse/plugins/com.st.stm32cube.ide.mcu.externaltools.gnu-tools-for-stm32.13.3.rel1.macos64_1.0.100.202509120712/tools/bin/../lib/gcc/arm-none-eabi/13.3.1/thumb/v7e-m+fp/hard/libgcc.a(_dvmd_tls.o)
                0x08000500                __aeabi_ldiv0
                0x08000500                __aeabi_idiv0
 *(.text*)
 .text.main     0x08000504       0x26 ./Core/Src/main.o
                0x08000504                main
 *fill*         0x0800052a        0x2 
 .text.SystemClock_Config
                0x0800052c       0xd4 ./Core/Src/main.o
                0x0800052c                SystemClock_Config
 .text.MX_GPIO_Init
                0x08000600       0xdc ./Core/Src/main.o
 .text.Error_Handler
                0x080006dc        0xc ./Core/Src/main.o
                0x080006dc                Error_Handler
 .text.HAL_MspInit
                0x080006e8       0x50 ./Core/Src/stm32f4xx_hal_msp.o
                0x080006e8                HAL_MspInit
 .text.NMI_Handler
                0x08000738        0x8 ./Core/Src/stm32f4xx_it.o
                0x08000738                NMI_Handler
 .text.HardFault_Handler
                0x08000740        0x8 ./Core/Src/stm32f4xx_it.o
                0x08000740                HardFault_Handler
 .text.MemManage_Handler
                0x08000748        0x8 ./Core/Src/stm32f4xx_it.o
                0x08000748                MemManage_Handler
 .text.BusFault_Handler
                0x08000750        0x8 ./Core/Src/stm32f4xx_it.o
                0x08000750                BusFault_Handler
 .text.UsageFault_Handler
                0x08000758        0x8 ./Core/Src/stm32f4xx_it.o
                0x08000758                UsageFault_Handler
 .text.SVC_Handler
                0x08000760        0xe ./Core/Src/stm32f4xx_it.o
                0x08000760                SVC_Handler
 .text.DebugMon_Handler
                0x0800076e        0xe ./Core/Src/stm32f4xx_it.o
                0x0800076e                DebugMon_Handler
 .text.PendSV_Handler
                0x0800077c        0xe ./Core/Src/stm32f4xx_it.o
                0x0800077c                PendSV_Handler
 .text.SysTick_Handler
                0x0800078a        0xc ./Core/Src/stm32f4xx_it.o
                0x0800078a                SysTick_Handler
 *fill*         0x08000796        0x2 
 .text.SystemInit
                0x08000798       0x24 ./Core/Src/system_stm32f4xx.o
                0x08000798                SystemInit
 .text.Reset_Handler
                0x080007bc       0x50 ./Core/Startup/startup_stm32f411retx.o
                0x080007bc                Reset_Handler
 .text.Default_Handler
                0x0800080c        0x2 ./Core/Startup/startup_stm32f411retx.o
                0x0800080c                DMA1_Stream3_IRQHandler
                0x0800080c                EXTI2_IRQHandler
                0x0800080c                SPI4_IRQHandler
                0x0800080c                TIM1_CC_IRQHandler
                0x0800080c                DMA2_Stream5_IRQHandler
                0x0800080c                DMA1_Stream5_IRQHandler
                0x0800080c                PVD_IRQHandler
                0x0800080c                SDIO_IRQHandler
                0x0800080c                TAMP_STAMP_IRQHandler
                0x0800080c                EXTI3_IRQHandler
                0x0800080c                TIM1_UP_TIM10_IRQHandler
                0x0800080c                I2C3_ER_IRQHandler
                0x0800080c                EXTI0_IRQHandler
                0x0800080c                I2C2_EV_IRQHandler
                0x0800080c                DMA1_Stream2_IRQHandler
                0x0800080c                FPU_IRQHandler
                0x0800080c                DMA2_Stream2_IRQHandler
                0x0800080c                SPI1_IRQHandler
                0x0800080c                TIM1_BRK_TIM9_IRQHandler
                0x0800080c                DMA2_Stream3_IRQHandler
                0x0800080c                USART6_IRQHandler
                0x0800080c                DMA2_Stream0_IRQHandler
                0x0800080c                TIM4_IRQHandler
                0x0800080c                I2C1_EV_IRQHandler
                0x0800080c                DMA1_Stream6_IRQHandler
                0x0800080c                DMA1_Stream1_IRQHandler
                0x0800080c                TIM3_IRQHandler
                0x0800080c                RCC_IRQHandler
                0x0800080c                Default_Handler
                0x0800080c                EXTI15_10_IRQHandler
                0x0800080c                DMA1_Stream7_IRQHandler
                0x0800080c                SPI5_IRQHandler
                0x0800080c                TIM5_IRQHandler
                0x0800080c                DMA2_Stream7_IRQHandler
                0x0800080c                I2C3_EV_IRQHandler
                0x0800080c                EXTI9_5_IRQHandler
                0x0800080c                RTC_WKUP_IRQHandler
                0x0800080c                SPI2_IRQHandler
                0x0800080c                DMA1_Stream0_IRQHandler
                0x0800080c                EXTI4_IRQHandler
                0x0800080c                WWDG_IRQHandler
                0x0800080c                TIM2_IRQHandler
                0x0800080c                OTG_FS_WKUP_IRQHandler
                0x0800080c                TIM1_TRG_COM_TIM11_IRQHandler
                0x0800080c                EXTI1_IRQHandler
                0x0800080c                I2C2_ER_IRQHandler
                0x0800080c                DMA2_Stream1_IRQHandler
                0x0800080c                FLASH_IRQHandler
                0x0800080c                DMA2_Stream4_IRQHandler
                0x0800080c                USART1_IRQHandler
                0x0800080c                OTG_FS_IRQHandler
                0x0800080c                SPI3_IRQHandler
                0x0800080c                DMA1_Stream4_IRQHandler
                0x0800080c                I2C1_ER_IRQHandler
                0x0800080c                DMA2_Stream6_IRQHandler
                0x0800080c                RTC_Alarm_IRQHandler
 *fill*         0x0800080e        0x2 
 .text.__NVIC_EnableIRQ
                0x08000810       0x3c ./Drivers/Modules/ADCDriver.o
 .text.ADC_init
                0x0800084c      0x130 ./Drivers/Modules/ADCDriver.o
                0x0800084c                ADC_init
 .text.ADC_IRQHandler
                0x0800097c       0x38 ./Drivers/Modules/ADCDriver.o
                0x0800097c                ADC_IRQHandler
 .text.FirstOrderIIR_Init
                0x080009b4       0x5a ./Drivers/Modules/IIR_DSP.o
                0x080009b4                FirstOrderIIR_Init
 .text.FirstOrderIIR_Update
                0x08000a0e       0x58 ./Drivers/Modules/IIR_DSP.o
                0x08000a0e                FirstOrderIIR_Update
 *fill*         0x08000a66        0x2 
 .text.TimerDriver_init
                0x08000a68       0x70 ./Drivers/Modules/TimerDriver.o
                0x08000a68                TimerDriver_init
 .text.__NVIC_EnableIRQ
                0x08000ad8       0x3c ./Drivers/Modules/UARTDriver.o
 .text.uart_init
                0x08000b14       0xb4 ./Drivers/Modules/UARTDriver.o
                0x08000b14                uart_init
 .text.USART2_IRQHandler
                0x08000bc8       0xa0 ./Drivers/Modules/UARTDriver.o
                0x08000bc8                USART2_IRQHandler
 .text.HAL_Init
                0x08000c68       0x44 ./Drivers/STM32F4xx_HAL_Driver/Src/stm32f4xx_hal.o
                0x08000c68                HAL_Init
 .text.HAL_InitTick
                0x08000cac       0x60 ./Drivers/STM32F4xx_HAL_Driver/Src/stm32f4xx_hal.o
                0x08000cac                HAL_InitTick
 .text.HAL_IncTick
                0x08000d0c       0x28 ./Drivers/STM32F4xx_HAL_Driver/Src/stm32f4xx_hal.o
                0x08000d0c                HAL_IncTick
 .text.HAL_GetTick
                0x08000d34       0x18 ./Drivers/STM32F4xx_HAL_Driver/Src/stm32f4xx_hal.o
                0x08000d34                HAL_GetTick
 .text.HAL_Delay
                0x08000d4c       0x48 ./Drivers/STM32F4xx_HAL_Driver/Src/stm32f4xx_hal.o
                0x08000d4c                HAL_Delay
 .text.__NVIC_SetPriorityGrouping
                0x08000d94       0x48 ./Drivers/STM32F4xx_HAL_Driver/Src/stm32f4xx_hal_cortex.o
 .text.__NVIC_GetPriorityGrouping
                0x08000ddc       0x1c ./Drivers/STM32F4xx_HAL_Driver/Src/stm32f4xx_hal_cortex.o
 .text.__NVIC_SetPriority
                0x08000df8       0x54 ./Drivers/STM32F4xx_HAL_Driver/Src/stm32f4xx_hal_cortex.o
 .text.NVIC_EncodePriority
                0x08000e4c       0x66 ./Drivers/STM32F4xx_HAL_Driver/Src/stm32f4xx_hal_cortex.o
 *fill*         0x08000eb2        0x2 
 .text.SysTick_Config
                0x08000eb4       0x44 ./Drivers/STM32F4xx_HAL_Driver/Src/stm32f4xx_hal_cortex.o
 .text.HAL_NVIC_SetPriorityGrouping
                0x08000ef8       0x16 ./Drivers/STM32F4xx_HAL_Driver/Src/stm32f4xx_hal_cortex.o
                0x08000ef8                HAL_NVIC_SetPriorityGrouping
 .text.HAL_NVIC_SetPriority
                0x08000f0e       0x38 ./Drivers/STM32F4xx_HAL_Driver/Src/stm32f4xx_hal_cortex.o
                0x08000f0e                HAL_NVIC_SetPriority
 .text.HAL_SYSTICK_Config
                0x08000f46       0x18 ./Drivers/STM32F4xx_HAL_Driver/Src/stm32f4xx_hal_cortex.o
                0x08000f46                HAL_SYSTICK_Config
 *fill*         0x08000f5e        0x2 
 .text.HAL_GPIO_Init
                0x08000f60      0x308 ./Drivers/STM32F4xx_HAL_Driver/Src/stm32f4xx_hal_gpio.o
                0x08000f60                HAL_GPIO_Init
 .text.HAL_GPIO_WritePin
                0x08001268       0x32 ./Drivers/STM32F4xx_HAL_Driver/Src/stm32f4xx_hal_gpio.o
                0x08001268                HAL_GPIO_WritePin
 *fill*         0x0800129a        0x2 
 .text.HAL_RCC_OscConfig
                0x0800129c      0x4f0 ./Drivers/STM32F4xx_HAL_Driver/Src/stm32f4xx_hal_rcc.o
                0x0800129c                HAL_RCC_OscConfig
 .text.HAL_RCC_ClockConfig
                0x0800178c      0x1cc ./Drivers/STM32F4xx_HAL_Driver/Src/stm32f4xx_hal_rcc.o
                0x0800178c                HAL_RCC_ClockConfig
 .text.HAL_RCC_GetSysClockFreq
                0x08001958      0x20c ./Drivers/STM32F4xx_HAL_Driver/Src/stm32f4xx_hal_rcc.o
                0x08001958                HAL_RCC_GetSysClockFreq
 .text.memset   0x08001b64       0x10 /Applications/STM32CubeIDE.app/Contents/Eclipse/plugins/com.st.stm32cube.ide.mcu.externaltools.gnu-tools-for-stm32.13.3.rel1.macos64_1.0.100.202509120712/tools/bin/../lib/gcc/arm-none-eabi/13.3.1/../../../../arm-none-eabi/lib/thumb/v7e-m+fp/hard/libc_nano.a(libc_a-memset.o)
                0x08001b64                memset
 .text.__libc_init_array
                0x08001b74       0x48 /Applications/STM32CubeIDE.app/Contents/Eclipse/plugins/com.st.stm32cube.ide.mcu.externaltools.gnu-tools-for-stm32.13.3.rel1.macos64_1.0.100.202509120712/tools/bin/../lib/gcc/arm-none-eabi/13.3.1/../../../../arm-none-eabi/lib/thumb/v7e-m+fp/hard/libc_nano.a(libc_a-init.o)
                0x08001b74                __libc_init_array
 *(.glue_7)
 .glue_7        0x08001bbc        0x0 linker stubs
 *(.glue_7t)
 .glue_7t       0x08001bbc        0x0 linker stubs
 *(.eh_frame)
 .eh_frame      0x08001bbc        0x0 /Applications/STM32CubeIDE.app/Contents/Eclipse/plugins/com.st.stm32cube.ide.mcu.externaltools.gnu-tools-for-stm32.13.3.rel1.macos64_1.0.100.202509120712/tools/bin/../lib/gcc/arm-none-eabi/13.3.1/thumb/v7e-m+fp/hard/crtbegin.o
 *(.init)
 .init          0x08001bbc        0x4 /Applications/STM32CubeIDE.app/Contents/Eclipse/plugins/com.st.stm32cube.ide.mcu.externaltools.gnu-tools-for-stm32.13.3.rel1.macos64_1.0.100.202509120712/tools/bin/../lib/gcc/arm-none-eabi/13.3.1/thumb/v7e-m+fp/hard/crti.o
                0x08001bbc                _init
 .init          0x08001bc0        0x8 /Applications/STM32CubeIDE.app/Contents/Eclipse/plugins/com.st.stm32cube.ide.mcu.externaltools.gnu-tools-for-stm32.13.3.rel1.macos64_1.0.100.202509120712/tools/bin/../lib/gcc/arm-none-eabi/13.3.1/thumb/v7e-m+fp/hard/crtn.o
 *(.fini)
 .fini          0x08001bc8        0x4 /Applications/STM32CubeIDE.app/Contents/Eclipse/plugins/com.st.stm32cube.ide.mcu.externaltools.gnu-tools-for-stm32.13.3.rel1.macos64_1.0.100.202509120712/tools/bin/../lib/gcc/arm-none-eabi/13.3.1/thumb/v7e-m+fp/hard/crti.o
                0x08001bc8                _fini
 .fini          0x08001bcc        0x8 /Applications/STM32CubeIDE.app/Contents/Eclipse/plugins/com.st.stm32cube.ide.mcu.externaltools.gnu-tools-for-stm32.13.3.rel1.macos64_1.0.100.202509120712/tools/bin/../lib/gcc/arm-none-eabi/13.3.1/thumb/v7e-m+fp/hard/crtn.o
                0x08001bd4                        . = ALIGN (0x4)
                0x08001bd4                        _etext = .

.vfp11_veneer   0x08001bd4        0x0
 .vfp11_veneer  0x08001bd4        0x0 linker stubs

.v4_bx          0x08001bd4        0x0
 .v4_bx         0x08001bd4        0x0 linker stubs

.iplt           0x08001bd4        0x0
 .iplt          0x08001bd4        0x0 /Applications/STM32CubeIDE.app/Contents/Eclipse/plugins/com.st.stm32cube.ide.mcu.externaltools.gnu-tools-for-stm32.13.3.rel1.macos64_1.0.100.202509120712/tools/bin/../lib/gcc/arm-none-eabi/13.3.1/thumb/v7e-m+fp/hard/crtbegin.o

.rodata         0x08001bd4       0x10
                0x08001bd4                        . = ALIGN (0x4)
 *(.rodata)
 *(.rodata*)
 .rodata.AHBPrescTable
                0x08001bd4       0x10 ./Core/Src/system_stm32f4xx.o
                0x08001bd4                AHBPrescTable
                0x08001be4                        . = ALIGN (0x4)

.ARM.extab      0x08001be4        0x0
                0x08001be4                        . = ALIGN (0x4)
 *(.ARM.extab* .gnu.linkonce.armextab.*)
                0x08001be4                        . = ALIGN (0x4)

.ARM            0x08001be4        0x8
                0x08001be4                        . = ALIGN (0x4)
                0x08001be4                        __exidx_start = .
 *(.ARM.exidx*)
 .ARM.exidx     0x08001be4        0x8 /Applications/STM32CubeIDE.app/Contents/Eclipse/plugins/com.st.stm32cube.ide.mcu.externaltools.gnu-tools-for-stm32.13.3.rel1.macos64_1.0.100.202509120712/tools/bin/../lib/gcc/arm-none-eabi/13.3.1/thumb/v7e-m+fp/hard/libgcc.a(_udivmoddi4.o)
                0x08001bec                        __exidx_end = .
                0x08001bec                        . = ALIGN (0x4)

.preinit_array  0x08001bec        0x0
                0x08001bec                        . = ALIGN (0x4)
                0x08001bec                        PROVIDE (__preinit_array_start = .)
 *(.preinit_array*)
                0x08001bec                        PROVIDE (__preinit_array_end = .)
                0x08001bec                        . = ALIGN (0x4)

.init_array     0x08001bec        0x4
                0x08001bec                        . = ALIGN (0x4)
                0x08001bec                        PROVIDE (__init_array_start = .)
 *(SORT_BY_NAME(.init_array.*))
 *(.init_array*)
 .init_array    0x08001bec        0x4 /Applications/STM32CubeIDE.app/Contents/Eclipse/plugins/com.st.stm32cube.ide.mcu.externaltools.gnu-tools-for-stm32.13.3.rel1.macos64_1.0.100.202509120712/tools/bin/../lib/gcc/arm-none-eabi/13.3.1/thumb/v7e-m+fp/hard/crtbegin.o
                0x08001bf0                        PROVIDE (__init_array_end = .)
                0x08001bf0                        . = ALIGN (0x4)

.fini_array     0x08001bf0        0x4
                0x08001bf0                        . = ALIGN (0x4)
                [!provide]                        PROVIDE (__fini_array_start = .)
 *(SORT_BY_NAME(.fini_array.*))
 *(.fini_array*)
 .fini_array    0x08001bf0        0x4 /Applications/STM32CubeIDE.app/Contents/Eclipse/plugins/com.st.stm32cube.ide.mcu.externaltools.gnu-tools-for-stm32.13.3.rel1.macos64_1.0.100.202509120712/tools/bin/../lib/gcc/arm-none-eabi/13.3.1/thumb/v7e-m+fp/hard/crtbegin.o
                [!provide]                        PROVIDE (__fini_array_end = .)
                0x08001bf4                        . = ALIGN (0x4)
                0x08001bf4                        _sidata = LOADADDR (.data)

.rel.dyn        0x08001bf4        0x0
 .rel.iplt      0x08001bf4        0x0 /Applications/STM32CubeIDE.app/Contents/Eclipse/plugins/com.st.stm32cube.ide.mcu.externaltools.gnu-tools-for-stm32.13.3.rel1.macos64_1.0.100.202509120712/tools/bin/../lib/gcc/arm-none-eabi/13.3.1/thumb/v7e-m+fp/hard/crtbegin.o

.data           0x20000000        0xc load address 0x08001bf4
                0x20000000                        . = ALIGN (0x4)
                0x20000000                        _sdata = .
 *(.data)
 *(.data*)
 .data.SystemCoreClock
                0x20000000        0x4 ./Core/Src/system_stm32f4xx.o
                0x20000000                SystemCoreClock
 .data.uwTickPrio
                0x20000004        0x4 ./Drivers/STM32F4xx_HAL_Driver/Src/stm32f4xx_hal.o
                0x20000004                uwTickPrio
 .data.uwTickFreq
                0x20000008        0x1 ./Drivers/STM32F4xx_HAL_Driver/Src/stm32f4xx_hal.o
                0x20000008                uwTickFreq
 *(.RamFunc)
 *(.RamFunc*)
                0x2000000c                        . = ALIGN (0x4)
 *fill*         0x20000009        0x3 
                0x2000000c                        _edata = .

.igot.plt       0x2000000c        0x0 load address 0x08001c00
 .igot.plt      0x2000000c        0x0 /Applications/STM32CubeIDE.app/Contents/Eclipse/plugins/com.st.stm32cube.ide.mcu.externaltools.gnu-tools-for-stm32.13.3.rel1.macos64_1.0.100.202509120712/tools/bin/../lib/gcc/arm-none-eabi/13.3.1/thumb/v7e-m+fp/hard/crtbegin.o
                0x2000000c                        . = ALIGN (0x4)

.bss            0x2000000c       0x38 load address 0x08001c00
                0x2000000c                        _sbss = .
                0x2000000c                        __bss_start__ = _sbss
 *(.bss)
 .bss           0x2000000c       0x1c /Applications/STM32CubeIDE.app/Contents/Eclipse/plugins/com.st.stm32cube.ide.mcu.externaltools.gnu-tools-for-stm32.13.3.rel1.macos64_1.0.100.202509120712/tools/bin/../lib/gcc/arm-none-eabi/13.3.1/thumb/v7e-m+fp/hard/crtbegin.o
 *(.bss*)
 .bss.analog_val
                0x20000028        0x2 ./Core/Src/main.o
                0x20000028                analog_val
 *fill*         0x2000002a        0x2 
 .bss.filt      0x2000002c        0x8 ./Drivers/Modules/ADCDriver.o
                0x2000002c                filt
 .bss.tx_buffer
                0x20000034        0x4 ./Drivers/Modules/UARTDriver.o
                0x20000034                tx_buffer
 .bss.tx_index  0x20000038        0x2 ./Drivers/Modules/UARTDriver.o
                0x20000038                tx_index
 .bss.tx_len    0x2000003a        0x2 ./Drivers/Modules/UARTDriver.o
                0x2000003a                tx_len
 .bss.rx_data   0x2000003c        0x1 ./Drivers/Modules/UARTDriver.o
                0x2000003c                rx_data
 .bss.rx_flag   0x2000003d        0x1 ./Drivers/Modules/UARTDriver.o
                0x2000003d                rx_flag
 *fill*         0x2000003e        0x2 
 .bss.uwTick    0x20000040        0x4 ./Drivers/STM32F4xx_HAL_Driver/Src/stm32f4xx_hal.o
                0x20000040                uwTick
 *(COMMON)
                0x20000044                        . = ALIGN (0x4)
                0x20000044                        _ebss = .
                0x20000044                        __bss_end__ = _ebss

._user_heap_stack
                0x20000044      0x604 load address 0x08001c00
                0x20000048                        . = ALIGN (0x8)
 *fill*         0x20000044        0x4 
                [!provide]                        PROVIDE (end = .)
                0x20000048                        PROVIDE (_end = .)
                0x20000248                        . = (. + _Min_Heap_Size)
 *fill*         0x20000048      0x200 
                0x20000648                        . = (. + _Min_Stack_Size)
 *fill*         0x20000248      0x400 
                0x20000648                        . = ALIGN (0x8)

/DISCARD/
 libc.a(*)
 libm.a(*)
 libgcc.a(*)

.ARM.attributes
                0x00000000       0x30
 *(.ARM.attributes)
 .ARM.attributes
                0x00000000       0x22 /Applications/STM32CubeIDE.app/Contents/Eclipse/plugins/com.st.stm32cube.ide.mcu.externaltools.gnu-tools-for-stm32.13.3.rel1.macos64_1.0.100.202509120712/tools/bin/../lib/gcc/arm-none-eabi/13.3.1/thumb/v7e-m+fp/hard/crti.o
 .ARM.attributes
                0x00000022       0x34 /Applications/STM32CubeIDE.app/Contents/Eclipse/plugins/com.st.stm32cube.ide.mcu.externaltools.gnu-tools-for-stm32.13.3.rel1.macos64_1.0.100.202509120712/tools/bin/../lib/gcc/arm-none-eabi/13.3.1/thumb/v7e-m+fp/hard/crtbegin.o
 .ARM.attributes
                0x00000056       0x34 ./Core/Src/main.o
 .ARM.attributes
                0x0000008a       0x34 ./Core/Src/stm32f4xx_hal_msp.o
 .ARM.attributes
                0x000000be       0x34 ./Core/Src/stm32f4xx_it.o
 .ARM.attributes
                0x000000f2       0x34 ./Core/Src/system_stm32f4xx.o
 .ARM.attributes
                0x00000126       0x21 ./Core/Startup/startup_stm32f411retx.o
 .ARM.attributes
                0x00000147       0x34 ./Drivers/Modules/ADCDriver.o
 .ARM.attributes
                0x0000017b       0x34 ./Drivers/Modules/IIR_DSP.o
 .ARM.attributes
                0x000001af       0x34 ./Drivers/Modules/TimerDriver.o
 .ARM.attributes
                0x000001e3       0x34 ./Drivers/Modules/UARTDriver.o
 .ARM.attributes
                0x00000217       0x34 ./Drivers/STM32F4xx_HAL_Driver/Src/stm32f4xx_hal.o
 .ARM.attributes
                0x0000024b       0x34 ./Drivers/STM32F4xx_HAL_Driver/Src/stm32f4xx_hal_cortex.o
 .ARM.attributes
                0x0000027f       0x34 ./Drivers/STM32F4xx_HAL_Driver/Src/stm32f4xx_hal_gpio.o
 .ARM.attributes
                0x000002b3       0x34 ./Drivers/STM32F4xx_HAL_Driver/Src/stm32f4xx_hal_rcc.o
 .ARM.attributes
                0x000002e7       0x34 /Applications/STM32CubeIDE.app/Contents/Eclipse/plugins/com.st.stm32cube.ide.mcu.externaltools.gnu-tools-for-stm32.13.3.rel1.macos64_1.0.100.202509120712/tools/bin/../lib/gcc/arm-none-eabi/13.3.1/../../../../arm-none-eabi/lib/thumb/v7e-m+fp/hard/libc_nano.a(libc_a-memset.o)
 .ARM.attributes
                0x0000031b       0x34 /Applications/STM32CubeIDE.app/Contents/Eclipse/plugins/com.st.stm32cube.ide.mcu.externaltools.gnu-tools-for-stm32.13.3.rel1.macos64_1.0.100.202509120712/tools/bin/../lib/gcc/arm-none-eabi/13.3.1/../../../../arm-none-eabi/lib/thumb/v7e-m+fp/hard/libc_nano.a(libc_a-init.o)
 .ARM.attributes
                0x0000034f       0x22 /Applications/STM32CubeIDE.app/Contents/Eclipse/plugins/com.st.stm32cube.ide.mcu.externaltools.gnu-tools-for-stm32.13.3.rel1.macos64_1.0.100.202509120712/tools/bin/../lib/gcc/arm-none-eabi/13.3.1/thumb/v7e-m+fp/hard/libgcc.a(_aeabi_uldivmod.o)
 .ARM.attributes
                0x00000371       0x34 /Applications/STM32CubeIDE.app/Contents/Eclipse/plugins/com.st.stm32cube.ide.mcu.externaltools.gnu-tools-for-stm32.13.3.rel1.macos64_1.0.100.202509120712/tools/bin/../lib/gcc/arm-none-eabi/13.3.1/thumb/v7e-m+fp/hard/libgcc.a(_udivmoddi4.o)
 .ARM.attributes
                0x000003a5       0x22 /Applications/STM32CubeIDE.app/Contents/Eclipse/plugins/com.st.stm32cube.ide.mcu.externaltools.gnu-tools-for-stm32.13.3.rel1.macos64_1.0.100.202509120712/tools/bin/../lib/gcc/arm-none-eabi/13.3.1/thumb/v7e-m+fp/hard/libgcc.a(_dvmd_tls.o)
 .ARM.attributes
                0x000003c7       0x22 /Applications/STM32CubeIDE.app/Contents/Eclipse/plugins/com.st.stm32cube.ide.mcu.externaltools.gnu-tools-for-stm32.13.3.rel1.macos64_1.0.100.202509120712/tools/bin/../lib/gcc/arm-none-eabi/13.3.1/thumb/v7e-m+fp/hard/crtn.o
OUTPUT(DSP_2_FFT_FILTER.elf elf32-littlearm)
LOAD linker stubs
LOAD /Applications/STM32CubeIDE.app/Contents/Eclipse/plugins/com.st.stm32cube.ide.mcu.externaltools.gnu-tools-for-stm32.13.3.rel1.macos64_1.0.100.202509120712/tools/bin/../lib/gcc/arm-none-eabi/13.3.1/../../../../arm-none-eabi/lib/thumb/v7e-m+fp/hard/libc.a
LOAD /Applications/STM32CubeIDE.app/Contents/Eclipse/plugins/com.st.stm32cube.ide.mcu.externaltools.gnu-tools-for-stm32.13.3.rel1.macos64_1.0.100.202509120712/tools/bin/../lib/gcc/arm-none-eabi/13.3.1/../../../../arm-none-eabi/lib/thumb/v7e-m+fp/hard/libm.a
LOAD /Applications/STM32CubeIDE.app/Contents/Eclipse/plugins/com.st.stm32cube.ide.mcu.externaltools.gnu-tools-for-stm32.13.3.rel1.macos64_1.0.100.202509120712/tools/bin/../lib/gcc/arm-none-eabi/13.3.1/thumb/v7e-m+fp/hard/libgcc.a

.debug_info     0x00000000     0x5322
 .debug_info    0x00000000      0x724 ./Core/Src/main.o
 .debug_info    0x00000724      0x92d ./Core/Src/stm32f4xx_hal_msp.o
 .debug_info    0x00001051      0x112 ./Core/Src/stm32f4xx_it.o
 .debug_info    0x00001163      0x53e ./Core/Src/system_stm32f4xx.o
 .debug_info    0x000016a1       0x30 ./Core/Startup/startup_stm32f411retx.o
 .debug_info    0x000016d1      0x85a ./Drivers/Modules/ADCDriver.o
 .debug_info    0x00001f2b      0x258 ./Drivers/Modules/IIR_DSP.o
 .debug_info    0x00002183      0x378 ./Drivers/Modules/TimerDriver.o
 .debug_info    0x000024fb      0x86a ./Drivers/Modules/UARTDriver.o
 .debug_info    0x00002d65      0x8c4 ./Drivers/STM32F4xx_HAL_Driver/Src/stm32f4xx_hal.o
 .debug_info    0x00003629      0xcfc ./Drivers/STM32F4xx_HAL_Driver/Src/stm32f4xx_hal_cortex.o
 .debug_info    0x00004325      0x6f9 ./Drivers/STM32F4xx_HAL_Driver/Src/stm32f4xx_hal_gpio.o
 .debug_info    0x00004a1e      0x904 ./Drivers/STM32F4xx_HAL_Driver/Src/stm32f4xx_hal_rcc.o

.debug_abbrev   0x00000000     0x161d
 .debug_abbrev  0x00000000      0x230 ./Core/Src/main.o
 .debug_abbrev  0x00000230      0x1c1 ./Core/Src/stm32f4xx_hal_msp.o
 .debug_abbrev  0x000003f1       0x73 ./Core/Src/stm32f4xx_it.o
 .debug_abbrev  0x00000464      0x11a ./Core/Src/system_stm32f4xx.o
 .debug_abbrev  0x0000057e       0x24 ./Core/Startup/startup_stm32f411retx.o
 .debug_abbrev  0x000005a2      0x20c ./Drivers/Modules/ADCDriver.o
 .debug_abbrev  0x000007ae      0x176 ./Drivers/Modules/IIR_DSP.o
 .debug_abbrev  0x00000924       0xc6 ./Drivers/Modules/TimerDriver.o
 .debug_abbrev  0x000009ea      0x242 ./Drivers/Modules/UARTDriver.o
 .debug_abbrev  0x00000c2c      0x24b ./Drivers/STM32F4xx_HAL_Driver/Src/stm32f4xx_hal.o
 .debug_abbrev  0x00000e77      0x31d ./Drivers/STM32F4xx_HAL_Driver/Src/stm32f4xx_hal_cortex.o
 .debug_abbrev  0x00001194      0x1d3 ./Drivers/STM32F4xx_HAL_Driver/Src/stm32f4xx_hal_gpio.o
 .debug_abbrev  0x00001367      0x2b6 ./Drivers/STM32F4xx_HAL_Driver/Src/stm32f4xx_hal_rcc.o

.debug_aranges  0x00000000      0x4f0
 .debug_aranges
                0x00000000       0x38 ./Core/Src/main.o
 .debug_aranges
                0x00000038       0x30 ./Core/Src/stm32f4xx_hal_msp.o
 .debug_aranges
                0x00000068       0x60 ./Core/Src/stm32f4xx_it.o
 .debug_aranges
                0x000000c8       0x28 ./Core/Src/system_stm32f4xx.o
 .debug_aranges
                0x000000f0       0x28 ./Core/Startup/startup_stm32f411retx.o
 .debug_aranges
                0x00000118       0x30 ./Drivers/Modules/ADCDriver.o
 .debug_aranges
                0x00000148       0x30 ./Drivers/Modules/IIR_DSP.o
 .debug_aranges
                0x00000178       0x20 ./Drivers/Modules/TimerDriver.o
 .debug_aranges
                0x00000198       0x58 ./Drivers/Modules/UARTDriver.o
 .debug_aranges
                0x000001f0       0xf0 ./Drivers/STM32F4xx_HAL_Driver/Src/stm32f4xx_hal.o
 .debug_aranges
                0x000002e0      0x130 ./Drivers/STM32F4xx_HAL_Driver/Src/stm32f4xx_hal_cortex.o
 .debug_aranges
                0x00000410       0x58 ./Drivers/STM32F4xx_HAL_Driver/Src/stm32f4xx_hal_gpio.o
 .debug_aranges
                0x00000468       0x88 ./Drivers/STM32F4xx_HAL_Driver/Src/stm32f4xx_hal_rcc.o

.debug_rnglists
                0x00000000      0x382
 .debug_rnglists
                0x00000000       0x27 ./Core/Src/main.o
 .debug_rnglists
                0x00000027       0x20 ./Core/Src/stm32f4xx_hal_msp.o
 .debug_rnglists
                0x00000047       0x43 ./Core/Src/stm32f4xx_it.o
 .debug_rnglists
                0x0000008a       0x1a ./Core/Src/system_stm32f4xx.o
 .debug_rnglists
                0x000000a4       0x19 ./Core/Startup/startup_stm32f411retx.o
 .debug_rnglists
                0x000000bd       0x20 ./Drivers/Modules/ADCDriver.o
 .debug_rnglists
                0x000000dd       0x1f ./Drivers/Modules/IIR_DSP.o
 .debug_rnglists
                0x000000fc       0x13 ./Drivers/Modules/TimerDriver.o
 .debug_rnglists
                0x0000010f       0x3f ./Drivers/Modules/UARTDriver.o
 .debug_rnglists
                0x0000014e       0xaf ./Drivers/STM32F4xx_HAL_Driver/Src/stm32f4xx_hal.o
 .debug_rnglists
                0x000001fd       0xe0 ./Drivers/STM32F4xx_HAL_Driver/Src/stm32f4xx_hal_cortex.o
 .debug_rnglists
                0x000002dd       0x3f ./Drivers/STM32F4xx_HAL_Driver/Src/stm32f4xx_hal_gpio.o
 .debug_rnglists
                0x0000031c       0x66 ./Drivers/STM32F4xx_HAL_Driver/Src/stm32f4xx_hal_rcc.o

.debug_macro    0x00000000    0x15f2e
 .debug_macro   0x00000000      0x33a ./Core/Src/main.o
 .debug_macro   0x0000033a      0xad8 ./Core/Src/main.o
 .debug_macro   0x00000e12      0x295 ./Core/Src/main.o
 .debug_macro   0x000010a7       0x2e ./Core/Src/main.o
 .debug_macro   0x000010d5       0x28 ./Core/Src/main.o
 .debug_macro   0x000010fd       0x22 ./Core/Src/main.o
 .debug_macro   0x0000111f       0x8e ./Core/Src/main.o
 .debug_macro   0x000011ad       0x51 ./Core/Src/main.o
 .debug_macro   0x000011fe      0x103 ./Core/Src/main.o
 .debug_macro   0x00001301       0x6a ./Core/Src/main.o
 .debug_macro   0x0000136b      0x1df ./Core/Src/main.o
 .debug_macro   0x0000154a       0x1c ./Core/Src/main.o
 .debug_macro   0x00001566       0x22 ./Core/Src/main.o
 .debug_macro   0x00001588       0xfb ./Core/Src/main.o
 .debug_macro   0x00001683     0x1011 ./Core/Src/main.o
 .debug_macro   0x00002694      0x11f ./Core/Src/main.o
 .debug_macro   0x000027b3     0xb968 ./Core/Src/main.o
 .debug_macro   0x0000e11b       0x6d ./Core/Src/main.o
 .debug_macro   0x0000e188     0x3693 ./Core/Src/main.o
 .debug_macro   0x0001181b      0x190 ./Core/Src/main.o
 .debug_macro   0x000119ab       0x5c ./Core/Src/main.o
 .debug_macro   0x00011a07      0x45c ./Core/Src/main.o
 .debug_macro   0x00011e63      0x9e9 ./Core/Src/main.o
 .debug_macro   0x0001284c      0x115 ./Core/Src/main.o
 .debug_macro   0x00012961      0x11b ./Core/Src/main.o
 .debug_macro   0x00012a7c       0xa5 ./Core/Src/main.o
 .debug_macro   0x00012b21      0x15f ./Core/Src/main.o
 .debug_macro   0x00012c80      0x287 ./Core/Src/main.o
 .debug_macro   0x00012f07       0x5f ./Core/Src/main.o
 .debug_macro   0x00012f66      0x236 ./Core/Src/main.o
 .debug_macro   0x0001319c      0x132 ./Core/Src/main.o
 .debug_macro   0x000132ce      0x264 ./Core/Src/main.o
 .debug_macro   0x00013532       0x2e ./Core/Src/main.o
 .debug_macro   0x00013560      0x127 ./Core/Src/main.o
 .debug_macro   0x00013687       0x85 ./Core/Src/main.o
 .debug_macro   0x0001370c       0x89 ./Core/Src/main.o
 .debug_macro   0x00013795      0x2aa ./Core/Src/main.o
 .debug_macro   0x00013a3f      0x126 ./Core/Src/main.o
 .debug_macro   0x00013b65       0x58 ./Core/Src/main.o
 .debug_macro   0x00013bbd       0x61 ./Core/Src/main.o
 .debug_macro   0x00013c1e       0x2a ./Core/Src/main.o
 .debug_macro   0x00013c48       0x43 ./Core/Src/main.o
 .debug_macro   0x00013c8b       0x34 ./Core/Src/main.o
 .debug_macro   0x00013cbf      0x370 ./Core/Src/main.o
 .debug_macro   0x0001402f       0x16 ./Core/Src/main.o
 .debug_macro   0x00014045       0x4a ./Core/Src/main.o
 .debug_macro   0x0001408f       0x34 ./Core/Src/main.o
 .debug_macro   0x000140c3       0x10 ./Core/Src/main.o
 .debug_macro   0x000140d3       0x58 ./Core/Src/main.o
 .debug_macro   0x0001412b       0x8e ./Core/Src/main.o
 .debug_macro   0x000141b9       0x1c ./Core/Src/main.o
 .debug_macro   0x000141d5      0x185 ./Core/Src/main.o
 .debug_macro   0x0001435a       0x10 ./Core/Src/main.o
 .debug_macro   0x0001436a       0x3c ./Core/Src/main.o
 .debug_macro   0x000143a6       0x20 ./Core/Src/main.o
 .debug_macro   0x000143c6      0x19b ./Core/Src/main.o
 .debug_macro   0x00014561      0x201 ./Core/Src/main.o
 .debug_macro   0x00014762       0x7c ./Core/Src/main.o
 .debug_macro   0x000147de       0x17 ./Core/Src/main.o
 .debug_macro   0x000147f5      0x118 ./Core/Src/main.o
 .debug_macro   0x0001490d      0x169 ./Core/Src/main.o
 .debug_macro   0x00014a76      0x1c9 ./Core/Src/stm32f4xx_hal_msp.o
 .debug_macro   0x00014c3f      0x1d3 ./Core/Src/stm32f4xx_it.o
 .debug_macro   0x00014e12      0x1ba ./Core/Src/system_stm32f4xx.o
 .debug_macro   0x00014fcc      0x1d4 ./Drivers/Modules/ADCDriver.o
 .debug_macro   0x000151a0      0x1c6 ./Drivers/Modules/IIR_DSP.o
 .debug_macro   0x00015366      0x1c4 ./Drivers/Modules/TimerDriver.o
 .debug_macro   0x0001552a      0x292 ./Drivers/Modules/UARTDriver.o
 .debug_macro   0x000157bc      0x21a ./Drivers/STM32F4xx_HAL_Driver/Src/stm32f4xx_hal.o
 .debug_macro   0x000159d6      0x1ba ./Drivers/STM32F4xx_HAL_Driver/Src/stm32f4xx_hal_cortex.o
 .debug_macro   0x00015b90      0x1c0 ./Drivers/STM32F4xx_HAL_Driver/Src/stm32f4xx_hal_gpio.o
 .debug_macro   0x00015d50      0x1de ./Drivers/STM32F4xx_HAL_Driver/Src/stm32f4xx_hal_rcc.o

.debug_line     0x00000000     0x6d1e
 .debug_line    0x00000000      0x9c5 ./Core/Src/main.o
 .debug_line    0x000009c5      0x700 ./Core/Src/stm32f4xx_hal_msp.o
 .debug_line    0x000010c5      0x761 ./Core/Src/stm32f4xx_it.o
 .debug_line    0x00001826      0x728 ./Core/Src/system_stm32f4xx.o
 .debug_line    0x00001f4e       0x7a ./Core/Startup/startup_stm32f411retx.o
 .debug_line    0x00001fc8      0x7a0 ./Drivers/Modules/ADCDriver.o
 .debug_line    0x00002768      0x63f ./Drivers/Modules/IIR_DSP.o
 .debug_line    0x00002da7      0x6e2 ./Drivers/Modules/TimerDriver.o
 .debug_line    0x00003489      0xa0a ./Drivers/Modules/UARTDriver.o
 .debug_line    0x00003e93      0x9a4 ./Drivers/STM32F4xx_HAL_Driver/Src/stm32f4xx_hal.o
 .debug_line    0x00004837      0xc74 ./Drivers/STM32F4xx_HAL_Driver/Src/stm32f4xx_hal_cortex.o
 .debug_line    0x000054ab      0xac0 ./Drivers/STM32F4xx_HAL_Driver/Src/stm32f4xx_hal_gpio.o
 .debug_line    0x00005f6b      0xdb3 ./Drivers/STM32F4xx_HAL_Driver/Src/stm32f4xx_hal_rcc.o

.debug_str      0x00000000    0x8673f
 .debug_str     0x00000000    0x8673f ./Core/Src/main.o
                              0x85177 (size before relaxing)
 .debug_str     0x0008673f        0x0 ./Core/Src/stm32f4xx_hal_msp.o
                              0x806c2 (size before relaxing)
 .debug_str     0x0008673f        0x0 ./Core/Src/stm32f4xx_it.o
                              0x800fa (size before relaxing)
 .debug_str     0x0008673f        0x0 ./Core/Src/system_stm32f4xx.o
                              0x80110 (size before relaxing)
 .debug_str     0x0008673f        0x0 ./Core/Startup/startup_stm32f411retx.o
                                 0x7c (size before relaxing)
 .debug_str     0x0008673f        0x0 ./Drivers/Modules/ADCDriver.o
                              0x805aa (size before relaxing)
 .debug_str     0x0008673f        0x0 ./Drivers/Modules/IIR_DSP.o
                               0x9915 (size before relaxing)
 .debug_str     0x0008673f        0x0 ./Drivers/Modules/TimerDriver.o
                              0x800c0 (size before relaxing)
 .debug_str     0x0008673f        0x0 ./Drivers/Modules/UARTDriver.o
                              0x8376e (size before relaxing)
 .debug_str     0x0008673f        0x0 ./Drivers/STM32F4xx_HAL_Driver/Src/stm32f4xx_hal.o
                              0x80b3c (size before relaxing)
 .debug_str     0x0008673f        0x0 ./Drivers/STM32F4xx_HAL_Driver/Src/stm32f4xx_hal_cortex.o
                              0x808a6 (size before relaxing)
 .debug_str     0x0008673f        0x0 ./Drivers/STM32F4xx_HAL_Driver/Src/stm32f4xx_hal_gpio.o
                              0x8028b (size before relaxing)
 .debug_str     0x0008673f        0x0 ./Drivers/STM32F4xx_HAL_Driver/Src/stm32f4xx_hal_rcc.o
                              0x80544 (size before relaxing)

.comment        0x00000000       0x43
 .comment       0x00000000       0x43 ./Core/Src/main.o
                                 0x44 (size before relaxing)
 .comment       0x00000043        0x0 ./Core/Src/stm32f4xx_hal_msp.o
                                 0x44 (size before relaxing)
 .comment       0x00000043        0x0 ./Core/Src/stm32f4xx_it.o
                                 0x44 (size before relaxing)
 .comment       0x00000043        0x0 ./Core/Src/system_stm32f4xx.o
                                 0x44 (size before relaxing)
 .comment       0x00000043        0x0 ./Drivers/Modules/ADCDriver.o
                                 0x44 (size before relaxing)
 .comment       0x00000043        0x0 ./Drivers/Modules/IIR_DSP.o
                                 0x44 (size before relaxing)
 .comment       0x00000043        0x0 ./Drivers/Modules/TimerDriver.o
                                 0x44 (size before relaxing)
 .comment       0x00000043        0x0 ./Drivers/Modules/UARTDriver.o
                                 0x44 (size before relaxing)
 .comment       0x00000043        0x0 ./Drivers/STM32F4xx_HAL_Driver/Src/stm32f4xx_hal.o
                                 0x44 (size before relaxing)
 .comment       0x00000043        0x0 ./Drivers/STM32F4xx_HAL_Driver/Src/stm32f4xx_hal_cortex.o
                                 0x44 (size before relaxing)
 .comment       0x00000043        0x0 ./Drivers/STM32F4xx_HAL_Driver/Src/stm32f4xx_hal_gpio.o
                                 0x44 (size before relaxing)
 .comment       0x00000043        0x0 ./Drivers/STM32F4xx_HAL_Driver/Src/stm32f4xx_hal_rcc.o
                                 0x44 (size before relaxing)

.debug_frame    0x00000000     0x1124
 .debug_frame   0x00000000       0x8c ./Core/Src/main.o
 .debug_frame   0x0000008c       0x7c ./Core/Src/stm32f4xx_hal_msp.o
 .debug_frame   0x00000108      0x104 ./Core/Src/stm32f4xx_it.o
 .debug_frame   0x0000020c       0x58 ./Core/Src/system_stm32f4xx.o
 .debug_frame   0x00000264       0x78 ./Drivers/Modules/ADCDriver.o
 .debug_frame   0x000002dc       0x7c ./Drivers/Modules/IIR_DSP.o
 .debug_frame   0x00000358       0x38 ./Drivers/Modules/TimerDriver.o
 .debug_frame   0x00000390      0x12c ./Drivers/Modules/UARTDriver.o
 .debug_frame   0x000004bc      0x374 ./Drivers/STM32F4xx_HAL_Driver/Src/stm32f4xx_hal.o
 .debug_frame   0x00000830      0x508 ./Drivers/STM32F4xx_HAL_Driver/Src/stm32f4xx_hal_cortex.o
 .debug_frame   0x00000d38      0x14c ./Drivers/STM32F4xx_HAL_Driver/Src/stm32f4xx_hal_gpio.o
 .debug_frame   0x00000e84      0x1f4 ./Drivers/STM32F4xx_HAL_Driver/Src/stm32f4xx_hal_rcc.o
 .debug_frame   0x00001078       0x20 /Applications/STM32CubeIDE.app/Contents/Eclipse/plugins/com.st.stm32cube.ide.mcu.externaltools.gnu-tools-for-stm32.13.3.rel1.macos64_1.0.100.202509120712/tools/bin/../lib/gcc/arm-none-eabi/13.3.1/../../../../arm-none-eabi/lib/thumb/v7e-m+fp/hard/libc_nano.a(libc_a-memset.o)
 .debug_frame   0x00001098       0x2c /Applications/STM32CubeIDE.app/Contents/Eclipse/plugins/com.st.stm32cube.ide.mcu.externaltools.gnu-tools-for-stm32.13.3.rel1.macos64_1.0.100.202509120712/tools/bin/../lib/gcc/arm-none-eabi/13.3.1/../../../../arm-none-eabi/lib/thumb/v7e-m+fp/hard/libc_nano.a(libc_a-init.o)
 .debug_frame   0x000010c4       0x2c /Applications/STM32CubeIDE.app/Contents/Eclipse/plugins/com.st.stm32cube.ide.mcu.externaltools.gnu-tools-for-stm32.13.3.rel1.macos64_1.0.100.202509120712/tools/bin/../lib/gcc/arm-none-eabi/13.3.1/thumb/v7e-m+fp/hard/libgcc.a(_aeabi_uldivmod.o)
 .debug_frame   0x000010f0       0x34 /Applications/STM32CubeIDE.app/Contents/Eclipse/plugins/com.st.stm32cube.ide.mcu.externaltools.gnu-tools-for-stm32.13.3.rel1.macos64_1.0.100.202509120712/tools/bin/../lib/gcc/arm-none-eabi/13.3.1/thumb/v7e-m+fp/hard/libgcc.a(_udivmoddi4.o)

.debug_line_str
                0x00000000       0x60
 .debug_line_str
                0x00000000       0x60 ./Core/Startup/startup_stm32f411retx.o
