Archive member included to satisfy reference by file (symbol)

/Applications/STM32CubeIDE.app/Contents/Eclipse/plugins/com.st.stm32cube.ide.mcu.externaltools.gnu-tools-for-stm32.13.3.rel1.macos64_1.0.100.202509120712/tools/bin/../lib/gcc/arm-none-eabi/13.3.1/../../../../arm-none-eabi/lib/thumb/v7e-m+fp/hard/libc_nano.a(libc_a-exit.o)
                              /Applications/STM32CubeIDE.app/Contents/Eclipse/plugins/com.st.stm32cube.ide.mcu.externaltools.gnu-tools-for-stm32.13.3.rel1.macos64_1.0.100.202509120712/tools/bin/../lib/gcc/arm-none-eabi/13.3.1/../../../../arm-none-eabi/lib/thumb/v7e-m+fp/hard/crt0.o (exit)
/Applications/STM32CubeIDE.app/Contents/Eclipse/plugins/com.st.stm32cube.ide.mcu.externaltools.gnu-tools-for-stm32.13.3.rel1.macos64_1.0.100.202509120712/tools/bin/../lib/gcc/arm-none-eabi/13.3.1/../../../../arm-none-eabi/lib/thumb/v7e-m+fp/hard/libc_nano.a(libc_a-findfp.o)
                              /Applications/STM32CubeIDE.app/Contents/Eclipse/plugins/com.st.stm32cube.ide.mcu.externaltools.gnu-tools-for-stm32.13.3.rel1.macos64_1.0.100.202509120712/tools/bin/../lib/gcc/arm-none-eabi/13.3.1/../../../../arm-none-eabi/lib/thumb/v7e-m+fp/hard/libc_nano.a(libc_a-exit.o) (__stdio_exit_handler)
/Applications/STM32CubeIDE.app/Contents/Eclipse/plugins/com.st.stm32cube.ide.mcu.externaltools.gnu-tools-for-stm32.13.3.rel1.macos64_1.0.100.202509120712/tools/bin/../lib/gcc/arm-none-eabi/13.3.1/../../../../arm-none-eabi/lib/thumb/v7e-m+fp/hard/libc_nano.a(libc_a-fwalk.o)
                              /Applications/STM32CubeIDE.app/Contents/Eclipse/plugins/com.st.stm32cube.ide.mcu.externaltools.gnu-tools-for-stm32.13.3.rel1.macos64_1.0.100.202509120712/tools/bin/../lib/gcc/arm-none-eabi/13.3.1/../../../../arm-none-eabi/lib/thumb/v7e-m+fp/hard/libc_nano.a(libc_a-findfp.o) (_fwalk_sglue)
/Applications/STM32CubeIDE.app/Contents/Eclipse/plugins/com.st.stm32cube.ide.mcu.externaltools.gnu-tools-for-stm32.13.3.rel1.macos64_1.0.100.202509120712/tools/bin/../lib/gcc/arm-none-eabi/13.3.1/../../../../arm-none-eabi/lib/thumb/v7e-m+fp/hard/libc_nano.a(libc_a-memcmp.o)
                              ./ThirdParty/SEGGER/OS/SEGGER_SYSVIEW_FreeRTOS.o (memcmp)
/Applications/STM32CubeIDE.app/Contents/Eclipse/plugins/com.st.stm32cube.ide.mcu.externaltools.gnu-tools-for-stm32.13.3.rel1.macos64_1.0.100.202509120712/tools/bin/../lib/gcc/arm-none-eabi/13.3.1/../../../../arm-none-eabi/lib/thumb/v7e-m+fp/hard/libc_nano.a(libc_a-memset.o)
                              /Applications/STM32CubeIDE.app/Contents/Eclipse/plugins/com.st.stm32cube.ide.mcu.externaltools.gnu-tools-for-stm32.13.3.rel1.macos64_1.0.100.202509120712/tools/bin/../lib/gcc/arm-none-eabi/13.3.1/../../../../arm-none-eabi/lib/thumb/v7e-m+fp/hard/crt0.o (memset)
/Applications/STM32CubeIDE.app/Contents/Eclipse/plugins/com.st.stm32cube.ide.mcu.externaltools.gnu-tools-for-stm32.13.3.rel1.macos64_1.0.100.202509120712/tools/bin/../lib/gcc/arm-none-eabi/13.3.1/../../../../arm-none-eabi/lib/thumb/v7e-m+fp/hard/libc_nano.a(libc_a-errno.o)
                              ./Core/Src/syscalls.o (__errno)
/Applications/STM32CubeIDE.app/Contents/Eclipse/plugins/com.st.stm32cube.ide.mcu.externaltools.gnu-tools-for-stm32.13.3.rel1.macos64_1.0.100.202509120712/tools/bin/../lib/gcc/arm-none-eabi/13.3.1/../../../../arm-none-eabi/lib/thumb/v7e-m+fp/hard/libc_nano.a(libc_a-init.o)
                              /Applications/STM32CubeIDE.app/Contents/Eclipse/plugins/com.st.stm32cube.ide.mcu.externaltools.gnu-tools-for-stm32.13.3.rel1.macos64_1.0.100.202509120712/tools/bin/../lib/gcc/arm-none-eabi/13.3.1/../../../../arm-none-eabi/lib/thumb/v7e-m+fp/hard/crt0.o (__libc_init_array)
/Applications/STM32CubeIDE.app/Contents/Eclipse/plugins/com.st.stm32cube.ide.mcu.externaltools.gnu-tools-for-stm32.13.3.rel1.macos64_1.0.100.202509120712/tools/bin/../lib/gcc/arm-none-eabi/13.3.1/../../../../arm-none-eabi/lib/thumb/v7e-m+fp/hard/libc_nano.a(libc_a-lock.o)
                              /Applications/STM32CubeIDE.app/Contents/Eclipse/plugins/com.st.stm32cube.ide.mcu.externaltools.gnu-tools-for-stm32.13.3.rel1.macos64_1.0.100.202509120712/tools/bin/../lib/gcc/arm-none-eabi/13.3.1/../../../../arm-none-eabi/lib/thumb/v7e-m+fp/hard/libc_nano.a(libc_a-findfp.o) (__retarget_lock_init_recursive)
/Applications/STM32CubeIDE.app/Contents/Eclipse/plugins/com.st.stm32cube.ide.mcu.externaltools.gnu-tools-for-stm32.13.3.rel1.macos64_1.0.100.202509120712/tools/bin/../lib/gcc/arm-none-eabi/13.3.1/../../../../arm-none-eabi/lib/thumb/v7e-m+fp/hard/libc_nano.a(libc_a-impure.o)
                              /Applications/STM32CubeIDE.app/Contents/Eclipse/plugins/com.st.stm32cube.ide.mcu.externaltools.gnu-tools-for-stm32.13.3.rel1.macos64_1.0.100.202509120712/tools/bin/../lib/gcc/arm-none-eabi/13.3.1/../../../../arm-none-eabi/lib/thumb/v7e-m+fp/hard/libc_nano.a(libc_a-errno.o) (_impure_ptr)
[...]
Memory Configuration

Name             Origin             Length             Attributes
RAM              0x20000000         0x00020000         xrw
FLASH            0x08000000         0x00080000         xr
*default*        0x00000000         0xffffffff

Linker script and memory map

LOAD /Applications/STM32CubeIDE.app/Contents/Eclipse/plugins/com.st.stm32cube.ide.mcu.externaltools.gnu-tools-for-stm32.13.3.rel1.macos64_1.0.100.202509120712/tools/bin/../lib/gcc/arm-none-eabi/13.3.1/thumb/v7e-m+fp/hard/crti.o
LOAD /Applications/STM32CubeIDE.app/Contents/Eclipse/plugins/com.st.stm32cube.ide.mcu.externaltools.gnu-tools-for-stm32.13.3.rel1.macos64_1.0.100.202509120712/tools/bin/../lib/gcc/arm-none-eabi/13.3.1/thumb/v7e-m+fp/hard/crtbegin.o
LOAD /Applications/STM32CubeIDE.app/Contents/Eclipse/plugins/com.st.stm32cube.ide.mcu.externaltools.gnu-tools-for-stm32.13.3.rel1.macos64_1.0.100.202509120712/tools/bin/../lib/gcc/arm-none-eabi/13.3.1/../../../../arm-none-eabi/lib/thumb/v7e-m+fp/hard/crt0.o
LOAD ./Core/Src/main.o
LOAD ./Core/Src/stm32f4xx_hal_msp.o
LOAD ./Core/Src/stm32f4xx_hal_timebase_tim.o
LOAD ./Core/Src/stm32f4xx_it.o
LOAD ./Core/Src/syscalls.o
LOAD ./Core/Src/sysmem.o
LOAD ./Core/Src/system_stm32f4xx.o
LOAD ./Core/Startup/startup_stm32f411retx.o
LOAD ./Drivers/STM32F4xx_HAL_Driver/Src/stm32f4xx_hal.o
LOAD ./Drivers/STM32F4xx_HAL_Driver/Src/stm32f4xx_hal_cortex.o
LOAD ./Drivers/STM32F4xx_HAL_Driver/Src/stm32f4xx_hal_dma.o
LOAD ./Drivers/STM32F4xx_HAL_Driver/Src/stm32f4xx_hal_dma_ex.o
LOAD ./Drivers/STM32F4xx_HAL_Driver/Src/stm32f4xx_hal_exti.o
LOAD ./Drivers/STM32F4xx_HAL_Driver/Src/stm32f4xx_hal_flash.o
LOAD ./Drivers/STM32F4xx_HAL_Driver/Src/stm32f4xx_hal_flash_ex.o
LOAD ./Drivers/STM32F4xx_HAL_Driver/Src/stm32f4xx_hal_flash_ramfunc.o
LOAD ./Drivers/STM32F4xx_HAL_Driver/Src/stm32f4xx_hal_gpio.o
LOAD ./Drivers/STM32F4xx_HAL_Driver/Src/stm32f4xx_hal_pwr.o
LOAD ./Drivers/STM32F4xx_HAL_Driver/Src/stm32f4xx_hal_pwr_ex.o
LOAD ./Drivers/STM32F4xx_HAL_Driver/Src/stm32f4xx_hal_rcc.o
LOAD ./Drivers/STM32F4xx_HAL_Driver/Src/stm32f4xx_hal_rcc_ex.o
LOAD ./Drivers/STM32F4xx_HAL_Driver/Src/stm32f4xx_hal_tim.o
LOAD ./Drivers/STM32F4xx_HAL_Driver/Src/stm32f4xx_hal_tim_ex.o
LOAD ./Drivers/STM32F4xx_HAL_Driver/Src/stm32f4xx_hal_uart.o
LOAD ./ThirdParty/FreeRTOS/org/Source/croutine.o
LOAD ./ThirdParty/FreeRTOS/org/Source/event_groups.o
LOAD ./ThirdParty/FreeRTOS/org/Source/list.o
LOAD ./ThirdParty/FreeRTOS/org/Source/queue.o
LOAD ./ThirdParty/FreeRTOS/org/Source/stream_buffer.o
LOAD ./ThirdParty/FreeRTOS/org/Source/tasks.o
LOAD ./ThirdParty/FreeRTOS/org/Source/timers.o
LOAD ./ThirdParty/FreeRTOS/org/Source/portable/GCC/ARM_CM4F/port.o
LOAD ./ThirdParty/FreeRTOS/org/Source/portable/MemMang/heap_4.o
LOAD ./ThirdParty/SEGGER/Config/SEGGER_SYSVIEW_Config_FreeRTOS.o
LOAD ./ThirdParty/SEGGER/OS/SEGGER_SYSVIEW_FreeRTOS.o
LOAD ./ThirdParty/SEGGER/SEGGER/SEGGER_RTT.o
LOAD ./ThirdParty/SEGGER/SEGGER/SEGGER_SYSVIEW.o
START GROUP
LOAD /Applications/STM32CubeIDE.app/Contents/Eclipse/plugins/com.st.stm32cube.ide.mcu.externaltools.gnu-tools-for-stm32.13.3.rel1.macos64_1.0.100.202509120712/tools/bin/../lib/gcc/arm-none-eabi/13.3.1/../../../../arm-none-eabi/lib/thumb/v7e-m+fp/hard/libc_nano.a
LOAD /Applications/STM32CubeIDE.app/Contents/Eclipse/plugins/com.st.stm32cube.ide.mcu.externaltools.gnu-tools-for-stm32.13.3.rel1.macos64_1.0.100.202509120712/tools/bin/../lib/gcc/arm-none-eabi/13.3.1/../../../../arm-none-eabi/lib/thumb/v7e-m+fp/hard/libm.a
END GROUP
START GROUP
LOAD /Applications/STM32CubeIDE.app/Contents/Eclipse/plugins/com.st.stm32cube.ide.mcu.externaltools.gnu-tools-for-stm32.13.3.rel1.macos64_1.0.100.202509120712/tools/bin/../lib/gcc/arm-none-eabi/13.3.1/thumb/v7e-m+fp/hard/libgcc.a
LOAD /Applications/STM32CubeIDE.app/Contents/Eclipse/plugins/com.st.stm32cube.ide.mcu.externaltools.gnu-tools-for-stm32.13.3.rel1.macos64_1.0.100.202509120712/tools/bin/../lib/gcc/arm-none-eabi/13.3.1/../../../../arm-none-eabi/lib/thumb/v7e-m+fp/hard/libc_nano.a
END GROUP
START GROUP
LOAD /Applications/STM32CubeIDE.app/Contents/Eclipse/plugins/com.st.stm32cube.ide.mcu.externaltools.gnu-tools-for-stm32.13.3.rel1.macos64_1.0.100.202509120712/tools/bin/../lib/gcc/arm-none-eabi/13.3.1/thumb/v7e-m+fp/hard/libgcc.a
LOAD /Applications/STM32CubeIDE.app/Contents/Eclipse/plugins/com.st.stm32cube.ide.mcu.externaltools.gnu-tools-for-stm32.13.3.rel1.macos64_1.0.100.202509120712/tools/bin/../lib/gcc/arm-none-eabi/13.3.1/../../../../arm-none-eabi/lib/thumb/v7e-m+fp/hard/libc_nano.a
LOAD /Applications/STM32CubeIDE.app/Contents/Eclipse/plugins/com.st.stm32cube.ide.mcu.externaltools.gnu-tools-for-stm32.13.3.rel1.macos64_1.0.100.202509120712/tools/bin/../lib/gcc/arm-none-eabi/13.3.1/../../../../arm-none-eabi/lib/thumb/v7e-m+fp/hard/libnosys.a
END GROUP
START GROUP
LOAD /Applications/STM32CubeIDE.app/Contents/Eclipse/plugins/com.st.stm32cube.ide.mcu.externaltools.gnu-tools-for-stm32.13.3.rel1.macos64_1.0.100.202509120712/tools/bin/../lib/gcc/arm-none-eabi/13.3.1/thumb/v7e-m+fp/hard/libgcc.a
LOAD /Applications/STM32CubeIDE.app/Contents/Eclipse/plugins/com.st.stm32cube.ide.mcu.externaltools.gnu-tools-for-stm32.13.3.rel1.macos64_1.0.100.202509120712/tools/bin/../lib/gcc/arm-none-eabi/13.3.1/../../../../arm-none-eabi/lib/thumb/v7e-m+fp/hard/libc_nano.a
LOAD /Applications/STM32CubeIDE.app/Contents/Eclipse/plugins/com.st.stm32cube.ide.mcu.externaltools.gnu-tools-for-stm32.13.3.rel1.macos64_1.0.100.202509120712/tools/bin/../lib/gcc/arm-none-eabi/13.3.1/../../../../arm-none-eabi/lib/thumb/v7e-m+fp/hard/libnosys.a
END GROUP
LOAD /Applications/STM32CubeIDE.app/Contents/Eclipse/plugins/com.st.stm32cube.ide.mcu.externaltools.gnu-tools-for-stm32.13.3.rel1.macos64_1.0.100.202509120712/tools/bin/../lib/gcc/arm-none-eabi/13.3.1/thumb/v7e-m+fp/hard/crtend.o
LOAD /Applications/STM32CubeIDE.app/Contents/Eclipse/plugins/com.st.stm32cube.ide.mcu.externaltools.gnu-tools-for-stm32.13.3.rel1.macos64_1.0.100.202509120712/tools/bin/../lib/gcc/arm-none-eabi/13.3.1/thumb/v7e-m+fp/hard/crtn.o
                0x20020000                        _estack = (ORIGIN (RAM) + LENGTH (RAM))
                0x00000200                        _Min_Heap_Size = 0x200
                0x00000400                        _Min_Stack_Size = 0x400

.isr_vector     0x08000000      0x198
                0x08000000                        . = ALIGN (0x4)
 *(.isr_vector)
 .isr_vector    0x08000000      0x198 ./Core/Startup/startup_stm32f411retx.o
                0x08000000                g_pfnVectors
                0x08000198                        . = ALIGN (0x4)

.text           0x080001a0     0x5218
                0x080001a0                        . = ALIGN (0x4)
 *(.text)
 .text          0x080001a0       0x40 /Applications/STM32CubeIDE.app/Contents/Eclipse/plugins/com.st.stm32cube.ide.mcu.externaltools.gnu-tools-for-stm32.13.3.rel1.macos64_1.0.100.202509120712/tools/bin/../lib/gcc/arm-none-eabi/13.3.1/thumb/v7e-m+fp/hard/crtbegin.o
 .text          0x080001e0       0x30 /Applications/STM32CubeIDE.app/Contents/Eclipse/plugins/com.st.stm32cube.ide.mcu.externaltools.gnu-tools-for-stm32.13.3.rel1.macos64_1.0.100.202509120712/tools/bin/../lib/gcc/arm-none-eabi/13.3.1/thumb/v7e-m+fp/hard/libgcc.a(_aeabi_uldivmod.o)
                0x080001e0                __aeabi_uldivmod
 .text          0x08000210      0x2f8 /Applications/STM32CubeIDE.app/Contents/Eclipse/plugins/com.st.stm32cube.ide.mcu.externaltools.gnu-tools-for-stm32.13.3.rel1.macos64_1.0.100.202509120712/tools/bin/../lib/gcc/arm-none-eabi/13.3.1/thumb/v7e-m+fp/hard/libgcc.a(_udivmoddi4.o)
                0x08000210                __udivmoddi4
 .text          0x08000508        0x4 /Applications/STM32CubeIDE.app/Contents/Eclipse/plugins/com.st.stm32cube.ide.mcu.externaltools.gnu-tools-for-stm32.13.3.rel1.macos64_1.0.100.202509120712/tools/bin/../lib/gcc/arm-none-eabi/13.3.1/thumb/v7e-m+fp/hard/libgcc.a(_dvmd_tls.o)
                0x08000508                __aeabi_ldiv0
                0x08000508                __aeabi_idiv0
 *(.text*)
 .text.main     0x0800050c       0x7c ./Core/Src/main.o
                0x0800050c                main
 .text.Task1_Handler
                0x08000588       0x40 ./Core/Src/main.o
                0x08000588                Task1_Handler
 .text.Task2_Handler
                0x080005c8       0x3c ./Core/Src/main.o
                0x080005c8                Task2_Handler
 .text.setup    0x08000604       0x3c ./Core/Src/main.o
                0x08000604                setup
 .text.usart_config
                0x08000640       0x50 ./Core/Src/main.o
                0x08000640                usart_config
 .text.print_uart
                0x08000690       0x40 ./Core/Src/main.o
                0x08000690                print_uart
 .text.SystemClock_Config
                0x080006d0       0xd4 ./Core/Src/main.o
                0x080006d0                SystemClock_Config
 .text.MX_USART2_UART_Init
                0x080007a4       0x54 ./Core/Src/main.o
 .text.MX_GPIO_Init
                0x080007f8       0xdc ./Core/Src/main.o
 .text.HAL_TIM_PeriodElapsedCallback
                0x080008d4       0x24 ./Core/Src/main.o
                0x080008d4                HAL_TIM_PeriodElapsedCallback
 .text.Error_Handler
                0x080008f8        0xc ./Core/Src/main.o
                0x080008f8                Error_Handler
 .text.HAL_MspInit
                0x08000904       0x50 ./Core/Src/stm32f4xx_hal_msp.o
                0x08000904                HAL_MspInit
 .text.HAL_UART_MspInit
                0x08000954       0x90 ./Core/Src/stm32f4xx_hal_msp.o
                0x08000954                HAL_UART_MspInit
 .text.HAL_InitTick
                0x080009e4       0xe4 ./Core/Src/stm32f4xx_hal_timebase_tim.o
                0x080009e4                HAL_InitTick
 .text.NMI_Handler
                0x08000ac8        0x8 ./Core/Src/stm32f4xx_it.o
                0x08000ac8                NMI_Handler
 .text.HardFault_Handler
                0x08000ad0        0x8 ./Core/Src/stm32f4xx_it.o
                0x08000ad0                HardFault_Handler
 .text.MemManage_Handler
                0x08000ad8        0x8 ./Core/Src/stm32f4xx_it.o
                0x08000ad8                MemManage_Handler
 .text.BusFault_Handler
                0x08000ae0        0x8 ./Core/Src/stm32f4xx_it.o
                0x08000ae0                BusFault_Handler
 .text.UsageFault_Handler
                0x08000ae8        0x8 ./Core/Src/stm32f4xx_it.o
                0x08000ae8                UsageFault_Handler
 .text.DebugMon_Handler
                0x08000af0        0xe ./Core/Src/stm32f4xx_it.o
                0x08000af0                DebugMon_Handler
 *fill*         0x08000afe        0x2 
 .text.TIM1_UP_TIM10_IRQHandler
                0x08000b00       0x14 ./Core/Src/stm32f4xx_it.o
                0x08000b00                TIM1_UP_TIM10_IRQHandler
 .text.SystemInit
                0x08000b14       0x24 ./Core/Src/system_stm32f4xx.o
                0x08000b14                SystemInit
 .text.Reset_Handler
                0x08000b38       0x50 ./Core/Startup/startup_stm32f411retx.o
                0x08000b38                Reset_Handler
 .text.Default_Handler
                0x08000b88        0x2 ./Core/Startup/startup_stm32f411retx.o
                0x08000b88                DMA1_Stream3_IRQHandler
                0x08000b88                EXTI2_IRQHandler
                0x08000b88                SPI4_IRQHandler
                0x08000b88                TIM1_CC_IRQHandler
                0x08000b88                DMA2_Stream5_IRQHandler
                0x08000b88                DMA1_Stream5_IRQHandler
                0x08000b88                PVD_IRQHandler
                0x08000b88                SDIO_IRQHandler
                0x08000b88                TAMP_STAMP_IRQHandler
                0x08000b88                EXTI3_IRQHandler
                0x08000b88                I2C3_ER_IRQHandler
                0x08000b88                EXTI0_IRQHandler
                0x08000b88                I2C2_EV_IRQHandler
                0x08000b88                DMA1_Stream2_IRQHandler
                0x08000b88                FPU_IRQHandler
                0x08000b88                DMA2_Stream2_IRQHandler
                0x08000b88                SPI1_IRQHandler
                0x08000b88                TIM1_BRK_TIM9_IRQHandler
                0x08000b88                DMA2_Stream3_IRQHandler
                0x08000b88                USART6_IRQHandler
                0x08000b88                DMA2_Stream0_IRQHandler
                0x08000b88                TIM4_IRQHandler
                0x08000b88                I2C1_EV_IRQHandler
                0x08000b88                DMA1_Stream6_IRQHandler
                0x08000b88                DMA1_Stream1_IRQHandler
                0x08000b88                TIM3_IRQHandler
                0x08000b88                RCC_IRQHandler
                0x08000b88                Default_Handler
                0x08000b88                EXTI15_10_IRQHandler
                0x08000b88                ADC_IRQHandler
                0x08000b88                DMA1_Stream7_IRQHandler
                0x08000b88                SPI5_IRQHandler
                0x08000b88                TIM5_IRQHandler
                0x08000b88                DMA2_Stream7_IRQHandler
                0x08000b88                I2C3_EV_IRQHandler
                0x08000b88                EXTI9_5_IRQHandler
                0x08000b88                RTC_WKUP_IRQHandler
                0x08000b88                SPI2_IRQHandler
                0x08000b88                DMA1_Stream0_IRQHandler
                0x08000b88                EXTI4_IRQHandler
                0x08000b88                WWDG_IRQHandler
                0x08000b88                TIM2_IRQHandler
                0x08000b88                OTG_FS_WKUP_IRQHandler
                0x08000b88                TIM1_TRG_COM_TIM11_IRQHandler
                0x08000b88                EXTI1_IRQHandler
                0x08000b88                USART2_IRQHandler
                0x08000b88                I2C2_ER_IRQHandler
                0x08000b88                DMA2_Stream1_IRQHandler
                0x08000b88                FLASH_IRQHandler
                0x08000b88                DMA2_Stream4_IRQHandler
                0x08000b88                USART1_IRQHandler
                0x08000b88                OTG_FS_IRQHandler
                0x08000b88                SPI3_IRQHandler
                0x08000b88                DMA1_Stream4_IRQHandler
                0x08000b88                I2C1_ER_IRQHandler
                0x08000b88                DMA2_Stream6_IRQHandler
                0x08000b88                RTC_Alarm_IRQHandler
 *fill*         0x08000b8a        0x2 
 .text.HAL_Init
                0x08000b8c       0x44 ./Drivers/STM32F4xx_HAL_Driver/Src/stm32f4xx_hal.o
                0x08000b8c                HAL_Init
 .text.HAL_IncTick
                0x08000bd0       0x28 ./Drivers/STM32F4xx_HAL_Driver/Src/stm32f4xx_hal.o
                0x08000bd0                HAL_IncTick
 .text.HAL_GetTick
                0x08000bf8       0x18 ./Drivers/STM32F4xx_HAL_Driver/Src/stm32f4xx_hal.o
                0x08000bf8                HAL_GetTick
 .text.__NVIC_SetPriorityGrouping
                0x08000c10       0x48 ./Drivers/STM32F4xx_HAL_Driver/Src/stm32f4xx_hal_cortex.o
 .text.__NVIC_GetPriorityGrouping
                0x08000c58       0x1c ./Drivers/STM32F4xx_HAL_Driver/Src/stm32f4xx_hal_cortex.o
 .text.__NVIC_EnableIRQ
                0x08000c74       0x3c ./Drivers/STM32F4xx_HAL_Driver/Src/stm32f4xx_hal_cortex.o
 .text.__NVIC_SetPriority
                0x08000cb0       0x54 ./Drivers/STM32F4xx_HAL_Driver/Src/stm32f4xx_hal_cortex.o
 .text.NVIC_EncodePriority
                0x08000d04       0x66 ./Drivers/STM32F4xx_HAL_Driver/Src/stm32f4xx_hal_cortex.o
 .text.HAL_NVIC_SetPriorityGrouping
                0x08000d6a       0x16 ./Drivers/STM32F4xx_HAL_Driver/Src/stm32f4xx_hal_cortex.o
                0x08000d6a                HAL_NVIC_SetPriorityGrouping
 .text.HAL_NVIC_SetPriority
                0x08000d80       0x38 ./Drivers/STM32F4xx_HAL_Driver/Src/stm32f4xx_hal_cortex.o
                0x08000d80                HAL_NVIC_SetPriority
 .text.HAL_NVIC_EnableIRQ
                0x08000db8       0x1c ./Drivers/STM32F4xx_HAL_Driver/Src/stm32f4xx_hal_cortex.o
                0x08000db8                HAL_NVIC_EnableIRQ
 .text.HAL_GPIO_Init
                0x08000dd4      0x308 ./Drivers/STM32F4xx_HAL_Driver/Src/stm32f4xx_hal_gpio.o
                0x08000dd4                HAL_GPIO_Init
 .text.HAL_GPIO_WritePin
                0x080010dc       0x32 ./Drivers/STM32F4xx_HAL_Driver/Src/stm32f4xx_hal_gpio.o
                0x080010dc                HAL_GPIO_WritePin
 *fill*         0x0800110e        0x2 
 .text.HAL_RCC_OscConfig
                0x08001110      0x4f0 ./Drivers/STM32F4xx_HAL_Driver/Src/stm32f4xx_hal_rcc.o
                0x08001110                HAL_RCC_OscConfig
 .text.HAL_RCC_ClockConfig
                0x08001600      0x1cc ./Drivers/STM32F4xx_HAL_Driver/Src/stm32f4xx_hal_rcc.o
                0x08001600                HAL_RCC_ClockConfig
 .text.HAL_RCC_GetSysClockFreq
                0x080017cc      0x20c ./Drivers/STM32F4xx_HAL_Driver/Src/stm32f4xx_hal_rcc.o
                0x080017cc                HAL_RCC_GetSysClockFreq
 .text.HAL_RCC_GetHCLKFreq
                0x080019d8       0x18 ./Drivers/STM32F4xx_HAL_Driver/Src/stm32f4xx_hal_rcc.o
                0x080019d8                HAL_RCC_GetHCLKFreq
 .text.HAL_RCC_GetPCLK1Freq
                0x080019f0       0x28 ./Drivers/STM32F4xx_HAL_Driver/Src/stm32f4xx_hal_rcc.o
                0x080019f0                HAL_RCC_GetPCLK1Freq
 .text.HAL_RCC_GetPCLK2Freq
                0x08001a18       0x28 ./Drivers/STM32F4xx_HAL_Driver/Src/stm32f4xx_hal_rcc.o
                0x08001a18                HAL_RCC_GetPCLK2Freq
 .text.HAL_RCC_GetClockConfig
                0x08001a40       0x64 ./Drivers/STM32F4xx_HAL_Driver/Src/stm32f4xx_hal_rcc.o
                0x08001a40                HAL_RCC_GetClockConfig
 .text.HAL_TIM_Base_Init
                0x08001aa4       0x9e ./Drivers/STM32F4xx_HAL_Driver/Src/stm32f4xx_hal_tim.o
                0x08001aa4                HAL_TIM_Base_Init
 .text.HAL_TIM_Base_MspInit
                0x08001b42       0x14 ./Drivers/STM32F4xx_HAL_Driver/Src/stm32f4xx_hal_tim.o
                0x08001b42                HAL_TIM_Base_MspInit
 *fill*         0x08001b56        0x2 
 .text.HAL_TIM_Base_Start_IT
                0x08001b58       0xc4 ./Drivers/STM32F4xx_HAL_Driver/Src/stm32f4xx_hal_tim.o
                0x08001b58                HAL_TIM_Base_Start_IT
 .text.HAL_TIM_IRQHandler
                0x08001c1c      0x1e0 ./Drivers/STM32F4xx_HAL_Driver/Src/stm32f4xx_hal_tim.o
                0x08001c1c                HAL_TIM_IRQHandler
 .text.HAL_TIM_OC_DelayElapsedCallback
                0x08001dfc       0x14 ./Drivers/STM32F4xx_HAL_Driver/Src/stm32f4xx_hal_tim.o
                0x08001dfc                HAL_TIM_OC_DelayElapsedCallback
 .text.HAL_TIM_IC_CaptureCallback
                0x08001e10       0x14 ./Drivers/STM32F4xx_HAL_Driver/Src/stm32f4xx_hal_tim.o
                0x08001e10                HAL_TIM_IC_CaptureCallback
 .text.HAL_TIM_PWM_PulseFinishedCallback
                0x08001e24       0x14 ./Drivers/STM32F4xx_HAL_Driver/Src/stm32f4xx_hal_tim.o
                0x08001e24                HAL_TIM_PWM_PulseFinishedCallback
 .text.HAL_TIM_TriggerCallback
                0x08001e38       0x14 ./Drivers/STM32F4xx_HAL_Driver/Src/stm32f4xx_hal_tim.o
                0x08001e38                HAL_TIM_TriggerCallback
 .text.TIM_Base_SetConfig
                0x08001e4c      0x10c ./Drivers/STM32F4xx_HAL_Driver/Src/stm32f4xx_hal_tim.o
                0x08001e4c                TIM_Base_SetConfig
 .text.HAL_TIMEx_CommutCallback
                0x08001f58       0x14 ./Drivers/STM32F4xx_HAL_Driver/Src/stm32f4xx_hal_tim_ex.o
                0x08001f58                HAL_TIMEx_CommutCallback
 .text.HAL_TIMEx_BreakCallback
                0x08001f6c       0x14 ./Drivers/STM32F4xx_HAL_Driver/Src/stm32f4xx_hal_tim_ex.o
                0x08001f6c                HAL_TIMEx_BreakCallback
 .text.HAL_UART_Init
                0x08001f80       0xa0 ./Drivers/STM32F4xx_HAL_Driver/Src/stm32f4xx_hal_uart.o
                0x08001f80                HAL_UART_Init
 .text.UART_SetConfig
                0x08002020      0x4e8 ./Drivers/STM32F4xx_HAL_Driver/Src/stm32f4xx_hal_uart.o
 .text.vListInitialise
                0x08002508       0x40 ./ThirdParty/FreeRTOS/org/Source/list.o
                0x08002508                vListInitialise
 .text.vListInitialiseItem
                0x08002548       0x1a ./ThirdParty/FreeRTOS/org/Source/list.o
                0x08002548                vListInitialiseItem
 .text.uxListRemove
                0x08002562       0x54 ./ThirdParty/FreeRTOS/org/Source/list.o
                0x08002562                uxListRemove
 .text.prvCreateTask
                0x080025b6       0x78 ./ThirdParty/FreeRTOS/org/Source/tasks.o
 .text.xTaskCreate
                0x0800262e       0x46 ./ThirdParty/FreeRTOS/org/Source/tasks.o
                0x0800262e                xTaskCreate
 .text.prvInitialiseNewTask
                0x08002674      0x120 ./ThirdParty/FreeRTOS/org/Source/tasks.o
 .text.prvAddNewTaskToReadyList
                0x08002794      0x16c ./ThirdParty/FreeRTOS/org/Source/tasks.o
 .text.prvCreateIdleTasks
                0x08002900       0x94 ./ThirdParty/FreeRTOS/org/Source/tasks.o
 .text.vTaskStartScheduler
                0x08002994       0xa0 ./ThirdParty/FreeRTOS/org/Source/tasks.o
                0x08002994                vTaskStartScheduler
 .text.vTaskSuspendAll
                0x08002a34       0x1c ./ThirdParty/FreeRTOS/org/Source/tasks.o
                0x08002a34                vTaskSuspendAll
 .text.xTaskResumeAll
                0x08002a50      0x218 ./ThirdParty/FreeRTOS/org/Source/tasks.o
                0x08002a50                xTaskResumeAll
 .text.xTaskGetTickCountFromISR
                0x08002c68       0x24 ./ThirdParty/FreeRTOS/org/Source/tasks.o
                0x08002c68                xTaskGetTickCountFromISR
 .text.xTaskIncrementTick
                0x08002c8c      0x23c ./ThirdParty/FreeRTOS/org/Source/tasks.o
                0x08002c8c                xTaskIncrementTick
 .text.vTaskSwitchContext
                0x08002ec8       0xd8 ./ThirdParty/FreeRTOS/org/Source/tasks.o
                0x08002ec8                vTaskSwitchContext
 .text.prvIdleTask
                0x08002fa0       0x30 ./ThirdParty/FreeRTOS/org/Source/tasks.o
 .text.prvInitialiseTaskLists
                0x08002fd0       0x80 ./ThirdParty/FreeRTOS/org/Source/tasks.o
 .text.prvCheckTasksWaitingTermination
                0x08003050       0x5c ./ThirdParty/FreeRTOS/org/Source/tasks.o
 .text.prvDeleteTCB
                0x080030ac       0x20 ./ThirdParty/FreeRTOS/org/Source/tasks.o
 .text.prvResetNextTaskUnblockTime
                0x080030cc       0x38 ./ThirdParty/FreeRTOS/org/Source/tasks.o
 .text.pxPortInitialiseStack
                0x08003104       0x68 ./ThirdParty/FreeRTOS/org/Source/portable/GCC/ARM_CM4F/port.o
                0x08003104                pxPortInitialiseStack
 .text.prvTaskExitError
                0x0800316c       0x5c ./ThirdParty/FreeRTOS/org/Source/portable/GCC/ARM_CM4F/port.o
 *fill*         0x080031c8        0x8 
 .text.SVC_Handler
                0x080031d0       0x28 ./ThirdParty/FreeRTOS/org/Source/portable/GCC/ARM_CM4F/port.o
                0x080031d0                SVC_Handler
 .text.prvPortStartFirstTask
                0x080031f8       0x2c ./ThirdParty/FreeRTOS/org/Source/portable/GCC/ARM_CM4F/port.o
 .text.xPortStartScheduler
                0x08003224      0x1e0 ./ThirdParty/FreeRTOS/org/Source/portable/GCC/ARM_CM4F/port.o
                0x08003224                xPortStartScheduler
 .text.vPortEnterCritical
                0x08003404       0x64 ./ThirdParty/FreeRTOS/org/Source/portable/GCC/ARM_CM4F/port.o
                0x08003404                vPortEnterCritical
 .text.vPortExitCritical
                0x08003468       0x54 ./ThirdParty/FreeRTOS/org/Source/portable/GCC/ARM_CM4F/port.o
                0x08003468                vPortExitCritical
 *fill*         0x080034bc        0x4 
 .text.PendSV_Handler
                0x080034c0       0x68 ./ThirdParty/FreeRTOS/org/Source/portable/GCC/ARM_CM4F/port.o
                0x080034c0                PendSV_Handler
 .text.SysTick_Handler
                0x08003528       0x54 ./ThirdParty/FreeRTOS/org/Source/portable/GCC/ARM_CM4F/port.o
                0x08003528                SysTick_Handler
 .text.vPortSetupTimerInterrupt
                0x0800357c       0x48 ./ThirdParty/FreeRTOS/org/Source/portable/GCC/ARM_CM4F/port.o
                0x0800357c                vPortSetupTimerInterrupt
 .text.vPortEnableVFP
                0x080035c4       0x18 ./ThirdParty/FreeRTOS/org/Source/portable/GCC/ARM_CM4F/port.o
 .text.vPortValidateInterruptPriority
                0x080035dc       0x84 ./ThirdParty/FreeRTOS/org/Source/portable/GCC/ARM_CM4F/port.o
                0x080035dc                vPortValidateInterruptPriority
 .text.pvPortMalloc
                0x08003660      0x264 ./ThirdParty/FreeRTOS/org/Source/portable/MemMang/heap_4.o
                0x08003660                pvPortMalloc
 .text.vPortFree
                0x080038c4       0xec ./ThirdParty/FreeRTOS/org/Source/portable/MemMang/heap_4.o
                0x080038c4                vPortFree
 .text.prvHeapInit
                0x080039b0       0xb4 ./ThirdParty/FreeRTOS/org/Source/portable/MemMang/heap_4.o
 .text.prvInsertBlockIntoFreeList
                0x08003a64       0xf4 ./ThirdParty/FreeRTOS/org/Source/portable/MemMang/heap_4.o
 .text._cbSendSystemDesc
                0x08003b58       0x1c ./ThirdParty/SEGGER/Config/SEGGER_SYSVIEW_Config_FreeRTOS.o
 .text.SEGGER_SYSVIEW_Conf
                0x08003b74       0x2c ./ThirdParty/SEGGER/Config/SEGGER_SYSVIEW_Config_FreeRTOS.o
                0x08003b74                SEGGER_SYSVIEW_Conf
 .text._cbSendTaskList
                0x08003ba0       0x90 ./ThirdParty/SEGGER/OS/SEGGER_SYSVIEW_FreeRTOS.o
 .text._cbGetTime
                0x08003c30       0x86 ./ThirdParty/SEGGER/OS/SEGGER_SYSVIEW_FreeRTOS.o
 *fill*         0x08003cb6        0x2 
 .text.SYSVIEW_AddTask
                0x08003cb8       0xd0 ./ThirdParty/SEGGER/OS/SEGGER_SYSVIEW_FreeRTOS.o
                0x08003cb8                SYSVIEW_AddTask
 .text.SYSVIEW_SendTaskInfo
                0x08003d88       0x42 ./ThirdParty/SEGGER/OS/SEGGER_SYSVIEW_FreeRTOS.o
                0x08003d88                SYSVIEW_SendTaskInfo
 *fill*         0x08003dca        0x2 
 .text._DoInit  0x08003dcc       0xa4 ./ThirdParty/SEGGER/SEGGER/SEGGER_RTT.o
 .text.SEGGER_RTT_ReadNoLock
                0x08003e70      0x104 ./ThirdParty/SEGGER/SEGGER/SEGGER_RTT.o
                0x08003e70                SEGGER_RTT_ReadNoLock
 .text.SEGGER_RTT_WriteSkipNoLock
                0x08003f74      0x120 ./ThirdParty/SEGGER/SEGGER/SEGGER_RTT.o
                0x08003f74                SEGGER_RTT_WriteSkipNoLock
 .text.SEGGER_RTT_ConfigUpBuffer
                0x08004094       0xd4 ./ThirdParty/SEGGER/SEGGER/SEGGER_RTT.o
                0x08004094                SEGGER_RTT_ConfigUpBuffer
 .text.SEGGER_RTT_ConfigDownBuffer
                0x08004168       0xd4 ./ThirdParty/SEGGER/SEGGER/SEGGER_RTT.o
                0x08004168                SEGGER_RTT_ConfigDownBuffer
 .text._EncodeStr
                0x0800423c       0x9a ./ThirdParty/SEGGER/SEGGER/SEGGER_SYSVIEW.o
 .text._PreparePacket
                0x080042d6       0x18 ./ThirdParty/SEGGER/SEGGER/SEGGER_SYSVIEW.o
 *fill*         0x080042ee        0x2 
 .text._HandleIncomingPacket
                0x080042f0       0xc4 ./ThirdParty/SEGGER/SEGGER/SEGGER_SYSVIEW.o
 .text._TrySendOverflowPacket
                0x080043b4       0xe0 ./ThirdParty/SEGGER/SEGGER/SEGGER_SYSVIEW.o
 .text._SendPacket
                0x08004494      0x1a8 ./ThirdParty/SEGGER/SEGGER/SEGGER_SYSVIEW.o
 .text.SEGGER_SYSVIEW_Init
                0x0800463c       0x7c ./ThirdParty/SEGGER/SEGGER/SEGGER_SYSVIEW.o
                0x0800463c                SEGGER_SYSVIEW_Init
 .text.SEGGER_SYSVIEW_SetRAMBase
                0x080046b8       0x20 ./ThirdParty/SEGGER/SEGGER/SEGGER_SYSVIEW.o
                0x080046b8                SEGGER_SYSVIEW_SetRAMBase
 .text.SEGGER_SYSVIEW_RecordVoid
                0x080046d8       0x3c ./ThirdParty/SEGGER/SEGGER/SEGGER_SYSVIEW.o
                0x080046d8                SEGGER_SYSVIEW_RecordVoid
 .text.SEGGER_SYSVIEW_RecordU32
                0x08004714       0x78 ./ThirdParty/SEGGER/SEGGER/SEGGER_SYSVIEW.o
                0x08004714                SEGGER_SYSVIEW_RecordU32
 .text.SEGGER_SYSVIEW_RecordU32x2
                0x0800478c       0xb4 ./ThirdParty/SEGGER/SEGGER/SEGGER_SYSVIEW.o
                0x0800478c                SEGGER_SYSVIEW_RecordU32x2
 .text.SEGGER_SYSVIEW_Start
                0x08004840      0x178 ./ThirdParty/SEGGER/SEGGER/SEGGER_SYSVIEW.o
                0x08004840                SEGGER_SYSVIEW_Start
 .text.SEGGER_SYSVIEW_Stop
                0x080049b8       0x4c ./ThirdParty/SEGGER/SEGGER/SEGGER_SYSVIEW.o
                0x080049b8                SEGGER_SYSVIEW_Stop
 .text.SEGGER_SYSVIEW_GetSysDesc
                0x08004a04      0x134 ./ThirdParty/SEGGER/SEGGER/SEGGER_SYSVIEW.o
                0x08004a04                SEGGER_SYSVIEW_GetSysDesc
 .text.SEGGER_SYSVIEW_SendTaskInfo
                0x08004b38      0x1cc ./ThirdParty/SEGGER/SEGGER/SEGGER_SYSVIEW.o
                0x08004b38                SEGGER_SYSVIEW_SendTaskInfo
 .text.SEGGER_SYSVIEW_SendTaskList
                0x08004d04       0x28 ./ThirdParty/SEGGER/SEGGER/SEGGER_SYSVIEW.o
                0x08004d04                SEGGER_SYSVIEW_SendTaskList
 .text.SEGGER_SYSVIEW_SendSysDesc
                0x08004d2c       0x48 ./ThirdParty/SEGGER/SEGGER/SEGGER_SYSVIEW.o
                0x08004d2c                SEGGER_SYSVIEW_SendSysDesc
 .text.SEGGER_SYSVIEW_RecordSystime
                0x08004d74       0x64 ./ThirdParty/SEGGER/SEGGER/SEGGER_SYSVIEW.o
                0x08004d74                SEGGER_SYSVIEW_RecordSystime
 .text.SEGGER_SYSVIEW_RecordEnterISR
                0x08004dd8       0x84 ./ThirdParty/SEGGER/SEGGER/SEGGER_SYSVIEW.o
                0x08004dd8                SEGGER_SYSVIEW_RecordEnterISR
 .text.SEGGER_SYSVIEW_RecordExitISR
                0x08004e5c       0x38 ./ThirdParty/SEGGER/SEGGER/SEGGER_SYSVIEW.o
                0x08004e5c                SEGGER_SYSVIEW_RecordExitISR
 .text.SEGGER_SYSVIEW_RecordExitISRToScheduler
                0x08004e94       0x38 ./ThirdParty/SEGGER/SEGGER/SEGGER_SYSVIEW.o
                0x08004e94                SEGGER_SYSVIEW_RecordExitISRToScheduler
 .text.SEGGER_SYSVIEW_OnIdle
                0x08004ecc       0x38 ./ThirdParty/SEGGER/SEGGER/SEGGER_SYSVIEW.o
                0x08004ecc                SEGGER_SYSVIEW_OnIdle
 .text.SEGGER_SYSVIEW_OnTaskCreate
                0x08004f04       0x88 ./ThirdParty/SEGGER/SEGGER/SEGGER_SYSVIEW.o
                0x08004f04                SEGGER_SYSVIEW_OnTaskCreate
 .text.SEGGER_SYSVIEW_OnTaskStartExec
                0x08004f8c       0x88 ./ThirdParty/SEGGER/SEGGER/SEGGER_SYSVIEW.o
                0x08004f8c                SEGGER_SYSVIEW_OnTaskStartExec
 .text.SEGGER_SYSVIEW_OnTaskStartReady
                0x08005014       0x88 ./ThirdParty/SEGGER/SEGGER/SEGGER_SYSVIEW.o
                0x08005014                SEGGER_SYSVIEW_OnTaskStartReady
 .text.SEGGER_SYSVIEW_SendModule
                0x0800509c      0x100 ./ThirdParty/SEGGER/SEGGER/SEGGER_SYSVIEW.o
                0x0800509c                SEGGER_SYSVIEW_SendModule
 .text.SEGGER_SYSVIEW_SendModuleDescription
                0x0800519c       0x3c ./ThirdParty/SEGGER/SEGGER/SEGGER_SYSVIEW.o
                0x0800519c                SEGGER_SYSVIEW_SendModuleDescription
 .text.SEGGER_SYSVIEW_SendNumModules
                0x080051d8       0x7c ./ThirdParty/SEGGER/SEGGER/SEGGER_SYSVIEW.o
                0x080051d8                SEGGER_SYSVIEW_SendNumModules
 .text.SEGGER_SYSVIEW_Warn
                0x08005254       0xb8 ./ThirdParty/SEGGER/SEGGER/SEGGER_SYSVIEW.o
                0x08005254                SEGGER_SYSVIEW_Warn
 .text.memcmp   0x0800530c       0x20 /Applications/STM32CubeIDE.app/Contents/Eclipse/plugins/com.st.stm32cube.ide.mcu.externaltools.gnu-tools-for-stm32.13.3.rel1.macos64_1.0.100.202509120712/tools/bin/../lib/gcc/arm-none-eabi/13.3.1/../../../../arm-none-eabi/lib/thumb/v7e-m+fp/hard/libc_nano.a(libc_a-memcmp.o)
                0x0800530c                memcmp
 .text.memset   0x0800532c       0x10 /Applications/STM32CubeIDE.app/Contents/Eclipse/plugins/com.st.stm32cube.ide.mcu.externaltools.gnu-tools-for-stm32.13.3.rel1.macos64_1.0.100.202509120712/tools/bin/../lib/gcc/arm-none-eabi/13.3.1/../../../../arm-none-eabi/lib/thumb/v7e-m+fp/hard/libc_nano.a(libc_a-memset.o)
                0x0800532c                memset
 .text.__libc_init_array
                0x0800533c       0x48 /Applications/STM32CubeIDE.app/Contents/Eclipse/plugins/com.st.stm32cube.ide.mcu.externaltools.gnu-tools-for-stm32.13.3.rel1.macos64_1.0.100.202509120712/tools/bin/../lib/gcc/arm-none-eabi/13.3.1/../../../../arm-none-eabi/lib/thumb/v7e-m+fp/hard/libc_nano.a(libc_a-init.o)
                0x0800533c                __libc_init_array
 .text.memcpy   0x08005384       0x1c /Applications/STM32CubeIDE.app/Contents/Eclipse/plugins/com.st.stm32cube.ide.mcu.externaltools.gnu-tools-for-stm32.13.3.rel1.macos64_1.0.100.202509120712/tools/bin/../lib/gcc/arm-none-eabi/13.3.1/../../../../arm-none-eabi/lib/thumb/v7e-m+fp/hard/libc_nano.a(libc_a-memcpy-stub.o)
                0x08005384                memcpy
 *(.glue_7)
 .glue_7        0x080053a0        0x0 linker stubs
 *(.glue_7t)
 .glue_7t       0x080053a0        0x0 linker stubs
 *(.eh_frame)
 .eh_frame      0x080053a0        0x0 /Applications/STM32CubeIDE.app/Contents/Eclipse/plugins/com.st.stm32cube.ide.mcu.externaltools.gnu-tools-for-stm32.13.3.rel1.macos64_1.0.100.202509120712/tools/bin/../lib/gcc/arm-none-eabi/13.3.1/thumb/v7e-m+fp/hard/crtbegin.o
 *(.init)
 .init          0x080053a0        0x4 /Applications/STM32CubeIDE.app/Contents/Eclipse/plugins/com.st.stm32cube.ide.mcu.externaltools.gnu-tools-for-stm32.13.3.rel1.macos64_1.0.100.202509120712/tools/bin/../lib/gcc/arm-none-eabi/13.3.1/thumb/v7e-m+fp/hard/crti.o
                0x080053a0                _init
 .init          0x080053a4        0x8 /Applications/STM32CubeIDE.app/Contents/Eclipse/plugins/com.st.stm32cube.ide.mcu.externaltools.gnu-tools-for-stm32.13.3.rel1.macos64_1.0.100.202509120712/tools/bin/../lib/gcc/arm-none-eabi/13.3.1/thumb/v7e-m+fp/hard/crtn.o
 *(.fini)
 .fini          0x080053ac        0x4 /Applications/STM32CubeIDE.app/Contents/Eclipse/plugins/com.st.stm32cube.ide.mcu.externaltools.gnu-tools-for-stm32.13.3.rel1.macos64_1.0.100.202509120712/tools/bin/../lib/gcc/arm-none-eabi/13.3.1/thumb/v7e-m+fp/hard/crti.o
                0x080053ac                _fini
 .fini          0x080053b0        0x8 /Applications/STM32CubeIDE.app/Contents/Eclipse/plugins/com.st.stm32cube.ide.mcu.externaltools.gnu-tools-for-stm32.13.3.rel1.macos64_1.0.100.202509120712/tools/bin/../lib/gcc/arm-none-eabi/13.3.1/thumb/v7e-m+fp/hard/crtn.o
                0x080053b8                        . = ALIGN (0x4)
                0x080053b8                        _etext = .

.vfp11_veneer   0x080053b8        0x0
 .vfp11_veneer  0x080053b8        0x0 linker stubs

.v4_bx          0x080053b8        0x0
 .v4_bx         0x080053b8        0x0 linker stubs

.iplt           0x080053b8        0x0
 .iplt          0x080053b8        0x0 /Applications/STM32CubeIDE.app/Contents/Eclipse/plugins/com.st.stm32cube.ide.mcu.externaltools.gnu-tools-for-stm32.13.3.rel1.macos64_1.0.100.202509120712/tools/bin/../lib/gcc/arm-none-eabi/13.3.1/thumb/v7e-m+fp/hard/crtbegin.o

.rodata         0x080053b8      0x154
                0x080053b8                        . = ALIGN (0x4)
 *(.rodata)
 .rodata        0x080053b8       0x40 ./Core/Src/main.o
 .rodata        0x080053f8        0x5 ./ThirdParty/FreeRTOS/org/Source/tasks.o
 *fill*         0x080053fd        0x3 
 .rodata        0x08005400       0x61 ./ThirdParty/SEGGER/Config/SEGGER_SYSVIEW_Config_FreeRTOS.o
 *fill*         0x08005461        0x3 
 .rodata        0x08005464       0x58 ./ThirdParty/SEGGER/OS/SEGGER_SYSVIEW_FreeRTOS.o
 .rodata        0x080054bc       0x17 ./ThirdParty/SEGGER/SEGGER/SEGGER_RTT.o
 *fill*         0x080054d3        0x1 
 .rodata        0x080054d4        0x8 ./ThirdParty/SEGGER/SEGGER/SEGGER_SYSVIEW.o
 *(.rodata*)
 .rodata.AHBPrescTable
                0x080054dc       0x10 ./Core/Src/system_stm32f4xx.o
                0x080054dc                AHBPrescTable
 .rodata.APBPrescTable
                0x080054ec        0x8 ./Core/Src/system_stm32f4xx.o
                0x080054ec                APBPrescTable
 .rodata.uxTopUsedPriority
                0x080054f4        0x4 ./ThirdParty/FreeRTOS/org/Source/tasks.o
 .rodata.SYSVIEW_X_OS_TraceAPI
                0x080054f8        0x8 ./ThirdParty/SEGGER/OS/SEGGER_SYSVIEW_FreeRTOS.o
                0x080054f8                SYSVIEW_X_OS_TraceAPI
 .rodata._abSync
                0x08005500        0xa ./ThirdParty/SEGGER/SEGGER/SEGGER_SYSVIEW.o
                0x0800550c                        . = ALIGN (0x4)
 *fill*         0x0800550a        0x2 

.ARM.extab      0x0800550c        0x0
                0x0800550c                        . = ALIGN (0x4)
 *(.ARM.extab* .gnu.linkonce.armextab.*)
                0x0800550c                        . = ALIGN (0x4)

.ARM            0x0800550c        0x8
                0x0800550c                        . = ALIGN (0x4)
                0x0800550c                        __exidx_start = .
 *(.ARM.exidx*)
 .ARM.exidx     0x0800550c        0x8 /Applications/STM32CubeIDE.app/Contents/Eclipse/plugins/com.st.stm32cube.ide.mcu.externaltools.gnu-tools-for-stm32.13.3.rel1.macos64_1.0.100.202509120712/tools/bin/../lib/gcc/arm-none-eabi/13.3.1/thumb/v7e-m+fp/hard/libgcc.a(_udivmoddi4.o)
                0x08005514                        __exidx_end = .
                0x08005514                        . = ALIGN (0x4)

.preinit_array  0x08005514        0x0
                0x08005514                        . = ALIGN (0x4)
                0x08005514                        PROVIDE (__preinit_array_start = .)
 *(.preinit_array*)
                0x08005514                        PROVIDE (__preinit_array_end = .)
                0x08005514                        . = ALIGN (0x4)

.init_array     0x08005514        0x4
                0x08005514                        . = ALIGN (0x4)
                0x08005514                        PROVIDE (__init_array_start = .)
 *(SORT_BY_NAME(.init_array.*))
 *(.init_array*)
 .init_array    0x08005514        0x4 /Applications/STM32CubeIDE.app/Contents/Eclipse/plugins/com.st.stm32cube.ide.mcu.externaltools.gnu-tools-for-stm32.13.3.rel1.macos64_1.0.100.202509120712/tools/bin/../lib/gcc/arm-none-eabi/13.3.1/thumb/v7e-m+fp/hard/crtbegin.o
                0x08005518                        PROVIDE (__init_array_end = .)
                0x08005518                        . = ALIGN (0x4)

.fini_array     0x08005518        0x4
                0x08005518                        . = ALIGN (0x4)
                [!provide]                        PROVIDE (__fini_array_start = .)
 *(SORT_BY_NAME(.fini_array.*))
 *(.fini_array*)
 .fini_array    0x08005518        0x4 /Applications/STM32CubeIDE.app/Contents/Eclipse/plugins/com.st.stm32cube.ide.mcu.externaltools.gnu-tools-for-stm32.13.3.rel1.macos64_1.0.100.202509120712/tools/bin/../lib/gcc/arm-none-eabi/13.3.1/thumb/v7e-m+fp/hard/crtbegin.o
                [!provide]                        PROVIDE (__fini_array_end = .)
                0x0800551c                        . = ALIGN (0x4)
                0x0800551c                        _sidata = LOADADDR (.data)

.rel.dyn        0x0800551c        0x0
 .rel.iplt      0x0800551c        0x0 /Applications/STM32CubeIDE.app/Contents/Eclipse/plugins/com.st.stm32cube.ide.mcu.externaltools.gnu-tools-for-stm32.13.3.rel1.macos64_1.0.100.202509120712/tools/bin/../lib/gcc/arm-none-eabi/13.3.1/thumb/v7e-m+fp/hard/crtbegin.o

.data           0x20000000       0x14 load address 0x0800551c
                0x20000000                        . = ALIGN (0x4)
                0x20000000                        _sdata = .
 *(.data)
 *(.data*)
 .data.UART_ACCESS_FLAG
                0x20000000        0x1 ./Core/Src/main.o
                0x20000000                UART_ACCESS_FLAG
 *fill*         0x20000001        0x3 
 .data.SystemCoreClock
                0x20000004        0x4 ./Core/Src/system_stm32f4xx.o
                0x20000004                SystemCoreClock
 .data.uwTickPrio
                0x20000008        0x4 ./Drivers/STM32F4xx_HAL_Driver/Src/stm32f4xx_hal.o
                0x20000008                uwTickPrio
 .data.uwTickFreq
                0x2000000c        0x1 ./Drivers/STM32F4xx_HAL_Driver/Src/stm32f4xx_hal.o
                0x2000000c                uwTickFreq
 *fill*         0x2000000d        0x3 
 .data.uxCriticalNesting
                0x20000010        0x4 ./ThirdParty/FreeRTOS/org/Source/portable/GCC/ARM_CM4F/port.o
 *(.RamFunc)
 *(.RamFunc*)
                0x20000014                        . = ALIGN (0x4)
                0x20000014                        _edata = .

.igot.plt       0x20000014        0x0 load address 0x08005530
 .igot.plt      0x20000014        0x0 /Applications/STM32CubeIDE.app/Contents/Eclipse/plugins/com.st.stm32cube.ide.mcu.externaltools.gnu-tools-for-stm32.13.3.rel1.macos64_1.0.100.202509120712/tools/bin/../lib/gcc/arm-none-eabi/13.3.1/thumb/v7e-m+fp/hard/crtbegin.o
                0x20000014                        . = ALIGN (0x4)

.bss            0x20000014    0x1b458 load address 0x08005530
                0x20000014                        _sbss = .
                0x20000014                        __bss_start__ = _sbss
 *(.bss)
 .bss           0x20000014       0x1c /Applications/STM32CubeIDE.app/Contents/Eclipse/plugins/com.st.stm32cube.ide.mcu.externaltools.gnu-tools-for-stm32.13.3.rel1.macos64_1.0.100.202509120712/tools/bin/../lib/gcc/arm-none-eabi/13.3.1/thumb/v7e-m+fp/hard/crtbegin.o
 *(.bss*)
 .bss.huart2    0x20000030       0x48 ./Core/Src/main.o
                0x20000030                huart2
 .bss.Task1Handle
                0x20000078        0x4 ./Core/Src/main.o
                0x20000078                Task1Handle
 .bss.Task2Handle
                0x2000007c        0x4 ./Core/Src/main.o
                0x2000007c                Task2Handle
 .bss.htim1     0x20000080       0x48 ./Core/Src/stm32f4xx_hal_timebase_tim.o
                0x20000080                htim1
 .bss.uwTick    0x200000c8        0x4 ./Drivers/STM32F4xx_HAL_Driver/Src/stm32f4xx_hal.o
                0x200000c8                uwTick
 .bss.pxCurrentTCB
                0x200000cc        0x4 ./ThirdParty/FreeRTOS/org/Source/tasks.o
                0x200000cc                pxCurrentTCB
 .bss.pxReadyTasksLists
                0x200000d0       0x64 ./ThirdParty/FreeRTOS/org/Source/tasks.o
 .bss.xDelayedTaskList1
                0x20000134       0x14 ./ThirdParty/FreeRTOS/org/Source/tasks.o
 .bss.xDelayedTaskList2
                0x20000148       0x14 ./ThirdParty/FreeRTOS/org/Source/tasks.o
 .bss.pxDelayedTaskList
                0x2000015c        0x4 ./ThirdParty/FreeRTOS/org/Source/tasks.o
 .bss.pxOverflowDelayedTaskList
                0x20000160        0x4 ./ThirdParty/FreeRTOS/org/Source/tasks.o
 .bss.xPendingReadyList
                0x20000164       0x14 ./ThirdParty/FreeRTOS/org/Source/tasks.o
 .bss.xTasksWaitingTermination
                0x20000178       0x14 ./ThirdParty/FreeRTOS/org/Source/tasks.o
 .bss.uxDeletedTasksWaitingCleanUp
                0x2000018c        0x4 ./ThirdParty/FreeRTOS/org/Source/tasks.o
 .bss.xSuspendedTaskList
                0x20000190       0x14 ./ThirdParty/FreeRTOS/org/Source/tasks.o
 .bss.uxCurrentNumberOfTasks
                0x200001a4        0x4 ./ThirdParty/FreeRTOS/org/Source/tasks.o
 .bss.xTickCount
                0x200001a8        0x4 ./ThirdParty/FreeRTOS/org/Source/tasks.o
 .bss.uxTopReadyPriority
                0x200001ac        0x4 ./ThirdParty/FreeRTOS/org/Source/tasks.o
 .bss.xSchedulerRunning
                0x200001b0        0x4 ./ThirdParty/FreeRTOS/org/Source/tasks.o
 .bss.xPendedTicks
                0x200001b4        0x4 ./ThirdParty/FreeRTOS/org/Source/tasks.o
 .bss.xYieldPendings
                0x200001b8        0x4 ./ThirdParty/FreeRTOS/org/Source/tasks.o
 .bss.xNumOfOverflows
                0x200001bc        0x4 ./ThirdParty/FreeRTOS/org/Source/tasks.o
 .bss.uxTaskNumber
                0x200001c0        0x4 ./ThirdParty/FreeRTOS/org/Source/tasks.o
 .bss.xNextTaskUnblockTime
                0x200001c4        0x4 ./ThirdParty/FreeRTOS/org/Source/tasks.o
 .bss.xIdleTaskHandles
                0x200001c8        0x4 ./ThirdParty/FreeRTOS/org/Source/tasks.o
 .bss.uxSchedulerSuspended
                0x200001cc        0x4 ./ThirdParty/FreeRTOS/org/Source/tasks.o
 .bss.ucMaxSysCallPriority
                0x200001d0        0x1 ./ThirdParty/FreeRTOS/org/Source/portable/GCC/ARM_CM4F/port.o
 *fill*         0x200001d1        0x3 
 .bss.ulMaxPRIGROUPValue
                0x200001d4        0x4 ./ThirdParty/FreeRTOS/org/Source/portable/GCC/ARM_CM4F/port.o
 .bss.ucHeap    0x200001d8    0x12c00 ./ThirdParty/FreeRTOS/org/Source/portable/MemMang/heap_4.o
 .bss.xStart    0x20012dd8        0x8 ./ThirdParty/FreeRTOS/org/Source/portable/MemMang/heap_4.o
 .bss.pxEnd     0x20012de0        0x4 ./ThirdParty/FreeRTOS/org/Source/portable/MemMang/heap_4.o
 .bss.xFreeBytesRemaining
                0x20012de4        0x4 ./ThirdParty/FreeRTOS/org/Source/portable/MemMang/heap_4.o
 .bss.xMinimumEverFreeBytesRemaining
                0x20012de8        0x4 ./ThirdParty/FreeRTOS/org/Source/portable/MemMang/heap_4.o
 .bss.xNumberOfSuccessfulAllocations
                0x20012dec        0x4 ./ThirdParty/FreeRTOS/org/Source/portable/MemMang/heap_4.o
 .bss.xNumberOfSuccessfulFrees
                0x20012df0        0x4 ./ThirdParty/FreeRTOS/org/Source/portable/MemMang/heap_4.o
 .bss._aTasks   0x20012df4       0xa0 ./ThirdParty/SEGGER/OS/SEGGER_SYSVIEW_FreeRTOS.o
 .bss._NumTasks
                0x20012e94        0x4 ./ThirdParty/SEGGER/OS/SEGGER_SYSVIEW_FreeRTOS.o
 .bss._SEGGER_RTT
                0x20012e98       0xa8 ./ThirdParty/SEGGER/SEGGER/SEGGER_RTT.o
                0x20012e98                _SEGGER_RTT
 .bss._acUpBuffer
                0x20012f40      0x400 ./ThirdParty/SEGGER/SEGGER/SEGGER_RTT.o
 .bss._acDownBuffer
                0x20013340       0x10 ./ThirdParty/SEGGER/SEGGER/SEGGER_RTT.o
 .bss._UpBuffer
                0x20013350     0x8000 ./ThirdParty/SEGGER/SEGGER/SEGGER_SYSVIEW.o
 .bss._DownBuffer
                0x2001b350        0x8 ./ThirdParty/SEGGER/SEGGER/SEGGER_SYSVIEW.o
 .bss._SYSVIEW_Globals
                0x2001b358       0x28 ./ThirdParty/SEGGER/SEGGER/SEGGER_SYSVIEW.o
 .bss._pFirstModule
                0x2001b380        0x4 ./ThirdParty/SEGGER/SEGGER/SEGGER_SYSVIEW.o
 .bss._NumModules
                0x2001b384        0x1 ./ThirdParty/SEGGER/SEGGER/SEGGER_SYSVIEW.o
 *fill*         0x2001b385        0x3 
 .bss._aPacket  0x2001b388       0xe3 ./ThirdParty/SEGGER/SEGGER/SEGGER_SYSVIEW.o
 *(COMMON)
                0x2001b46c                        . = ALIGN (0x4)
 *fill*         0x2001b46b        0x1 
                0x2001b46c                        _ebss = .
                0x2001b46c                        __bss_end__ = _ebss

._user_heap_stack
                0x2001b46c      0x604 load address 0x08005530
                0x2001b470                        . = ALIGN (0x8)
 *fill*         0x2001b46c        0x4 
                [!provide]                        PROVIDE (end = .)
                0x2001b470                        PROVIDE (_end = .)
                0x2001b670                        . = (. + _Min_Heap_Size)
 *fill*         0x2001b470      0x200 
                0x2001ba70                        . = (. + _Min_Stack_Size)
 *fill*         0x2001b670      0x400 
                0x2001ba70                        . = ALIGN (0x8)

/DISCARD/
 libc.a(*)
 libm.a(*)
 libgcc.a(*)

.ARM.attributes
                0x00000000       0x30
 *(.ARM.attributes)
 .ARM.attributes
                0x00000000       0x22 /Applications/STM32CubeIDE.app/Contents/Eclipse/plugins/com.st.stm32cube.ide.mcu.externaltools.gnu-tools-for-stm32.13.3.rel1.macos64_1.0.100.202509120712/tools/bin/../lib/gcc/arm-none-eabi/13.3.1/thumb/v7e-m+fp/hard/crti.o
 .ARM.attributes
                0x00000022       0x34 /Applications/STM32CubeIDE.app/Contents/Eclipse/plugins/com.st.stm32cube.ide.mcu.externaltools.gnu-tools-for-stm32.13.3.rel1.macos64_1.0.100.202509120712/tools/bin/../lib/gcc/arm-none-eabi/13.3.1/thumb/v7e-m+fp/hard/crtbegin.o
 .ARM.attributes
                0x00000056       0x34 ./Core/Src/main.o
 .ARM.attributes
                0x0000008a       0x34 ./Core/Src/stm32f4xx_hal_msp.o
 .ARM.attributes
                0x000000be       0x34 ./Core/Src/stm32f4xx_hal_timebase_tim.o
 .ARM.attributes
                0x000000f2       0x34 ./Core/Src/stm32f4xx_it.o
 .ARM.attributes
                0x00000126       0x34 ./Core/Src/system_stm32f4xx.o
 .ARM.attributes
                0x0000015a       0x21 ./Core/Startup/startup_stm32f411retx.o
 .ARM.attributes
                0x0000017b       0x34 ./Drivers/STM32F4xx_HAL_Driver/Src/stm32f4xx_hal.o
 .ARM.attributes
                0x000001af       0x34 ./Drivers/STM32F4xx_HAL_Driver/Src/stm32f4xx_hal_cortex.o
 .ARM.attributes
                0x000001e3       0x34 ./Drivers/STM32F4xx_HAL_Driver/Src/stm32f4xx_hal_gpio.o
 .ARM.attributes
                0x00000217       0x34 ./Drivers/STM32F4xx_HAL_Driver/Src/stm32f4xx_hal_rcc.o
 .ARM.attributes
                0x0000024b       0x34 ./Drivers/STM32F4xx_HAL_Driver/Src/stm32f4xx_hal_tim.o
 .ARM.attributes
                0x0000027f       0x34 ./Drivers/STM32F4xx_HAL_Driver/Src/stm32f4xx_hal_tim_ex.o
 .ARM.attributes
                0x000002b3       0x34 ./Drivers/STM32F4xx_HAL_Driver/Src/stm32f4xx_hal_uart.o
 .ARM.attributes
                0x000002e7       0x34 ./ThirdParty/FreeRTOS/org/Source/list.o
 .ARM.attributes
                0x0000031b       0x34 ./ThirdParty/FreeRTOS/org/Source/tasks.o
 .ARM.attributes
                0x0000034f       0x34 ./ThirdParty/FreeRTOS/org/Source/portable/GCC/ARM_CM4F/port.o
 .ARM.attributes
                0x00000383       0x34 ./ThirdParty/FreeRTOS/org/Source/portable/MemMang/heap_4.o
 .ARM.attributes
                0x000003b7       0x34 ./ThirdParty/SEGGER/Config/SEGGER_SYSVIEW_Config_FreeRTOS.o
 .ARM.attributes
                0x000003eb       0x34 ./ThirdParty/SEGGER/OS/SEGGER_SYSVIEW_FreeRTOS.o
 .ARM.attributes
                0x0000041f       0x34 ./ThirdParty/SEGGER/SEGGER/SEGGER_RTT.o
 .ARM.attributes
                0x00000453       0x34 ./ThirdParty/SEGGER/SEGGER/SEGGER_SYSVIEW.o
 .ARM.attributes
                0x00000487       0x34 /Applications/STM32CubeIDE.app/Contents/Eclipse/plugins/com.st.stm32cube.ide.mcu.externaltools.gnu-tools-for-stm32.13.3.rel1.macos64_1.0.100.202509120712/tools/bin/../lib/gcc/arm-none-eabi/13.3.1/../../../../arm-none-eabi/lib/thumb/v7e-m+fp/hard/libc_nano.a(libc_a-memcmp.o)
 .ARM.attributes
                0x000004bb       0x34 /Applications/STM32CubeIDE.app/Contents/Eclipse/plugins/com.st.stm32cube.ide.mcu.externaltools.gnu-tools-for-stm32.13.3.rel1.macos64_1.0.100.202509120712/tools/bin/../lib/gcc/arm-none-eabi/13.3.1/../../../../arm-none-eabi/lib/thumb/v7e-m+fp/hard/libc_nano.a(libc_a-memset.o)
 .ARM.attributes
                0x000004ef       0x34 /Applications/STM32CubeIDE.app/Contents/Eclipse/plugins/com.st.stm32cube.ide.mcu.externaltools.gnu-tools-for-stm32.13.3.rel1.macos64_1.0.100.202509120712/tools/bin/../lib/gcc/arm-none-eabi/13.3.1/../../../../arm-none-eabi/lib/thumb/v7e-m+fp/hard/libc_nano.a(libc_a-init.o)
 .ARM.attributes
                0x00000523       0x34 /Applications/STM32CubeIDE.app/Contents/Eclipse/plugins/com.st.stm32cube.ide.mcu.externaltools.gnu-tools-for-stm32.13.3.rel1.macos64_1.0.100.202509120712/tools/bin/../lib/gcc/arm-none-eabi/13.3.1/../../../../arm-none-eabi/lib/thumb/v7e-m+fp/hard/libc_nano.a(libc_a-memcpy-stub.o)
 .ARM.attributes
                0x00000557       0x22 /Applications/STM32CubeIDE.app/Contents/Eclipse/plugins/com.st.stm32cube.ide.mcu.externaltools.gnu-tools-for-stm32.13.3.rel1.macos64_1.0.100.202509120712/tools/bin/../lib/gcc/arm-none-eabi/13.3.1/thumb/v7e-m+fp/hard/libgcc.a(_aeabi_uldivmod.o)
 .ARM.attributes
                0x00000579       0x34 /Applications/STM32CubeIDE.app/Contents/Eclipse/plugins/com.st.stm32cube.ide.mcu.externaltools.gnu-tools-for-stm32.13.3.rel1.macos64_1.0.100.202509120712/tools/bin/../lib/gcc/arm-none-eabi/13.3.1/thumb/v7e-m+fp/hard/libgcc.a(_udivmoddi4.o)
 .ARM.attributes
                0x000005ad       0x22 /Applications/STM32CubeIDE.app/Contents/Eclipse/plugins/com.st.stm32cube.ide.mcu.externaltools.gnu-tools-for-stm32.13.3.rel1.macos64_1.0.100.202509120712/tools/bin/../lib/gcc/arm-none-eabi/13.3.1/thumb/v7e-m+fp/hard/libgcc.a(_dvmd_tls.o)
 .ARM.attributes
                0x000005cf       0x22 /Applications/STM32CubeIDE.app/Contents/Eclipse/plugins/com.st.stm32cube.ide.mcu.externaltools.gnu-tools-for-stm32.13.3.rel1.macos64_1.0.100.202509120712/tools/bin/../lib/gcc/arm-none-eabi/13.3.1/thumb/v7e-m+fp/hard/crtn.o
OUTPUT(FREERTOS_EXAMPLES_3_SEGGER_SYSTEMVIEW.elf elf32-littlearm)
LOAD linker stubs
LOAD /Applications/STM32CubeIDE.app/Contents/Eclipse/plugins/com.st.stm32cube.ide.mcu.externaltools.gnu-tools-for-stm32.13.3.rel1.macos64_1.0.100.202509120712/tools/bin/../lib/gcc/arm-none-eabi/13.3.1/../../../../arm-none-eabi/lib/thumb/v7e-m+fp/hard/libc.a
LOAD /Applications/STM32CubeIDE.app/Contents/Eclipse/plugins/com.st.stm32cube.ide.mcu.externaltools.gnu-tools-for-stm32.13.3.rel1.macos64_1.0.100.202509120712/tools/bin/../lib/gcc/arm-none-eabi/13.3.1/../../../../arm-none-eabi/lib/thumb/v7e-m+fp/hard/libm.a
LOAD /Applications/STM32CubeIDE.app/Contents/Eclipse/plugins/com.st.stm32cube.ide.mcu.externaltools.gnu-tools-for-stm32.13.3.rel1.macos64_1.0.100.202509120712/tools/bin/../lib/gcc/arm-none-eabi/13.3.1/thumb/v7e-m+fp/hard/libgcc.a

.debug_info     0x00000000    0x14509
 .debug_info    0x00000000     0x126a ./Core/Src/main.o
 .debug_info    0x0000126a      0x91a ./Core/Src/stm32f4xx_hal_msp.o
 .debug_info    0x00001b84      0xb75 ./Core/Src/stm32f4xx_hal_timebase_tim.o
 .debug_info    0x000026f9      0x6a4 ./Core/Src/stm32f4xx_it.o
 .debug_info    0x00002d9d      0x53e ./Core/Src/system_stm32f4xx.o
 .debug_info    0x000032db       0x30 ./Core/Startup/startup_stm32f411retx.o
 .debug_info    0x0000330b      0x8c4 ./Drivers/STM32F4xx_HAL_Driver/Src/stm32f4xx_hal.o
 .debug_info    0x00003bcf      0xcfc ./Drivers/STM32F4xx_HAL_Driver/Src/stm32f4xx_hal_cortex.o
 .debug_info    0x000048cb      0x6f9 ./Drivers/STM32F4xx_HAL_Driver/Src/stm32f4xx_hal_gpio.o
 .debug_info    0x00004fc4      0x904 ./Drivers/STM32F4xx_HAL_Driver/Src/stm32f4xx_hal_rcc.o
 .debug_info    0x000058c8     0x2996 ./Drivers/STM32F4xx_HAL_Driver/Src/stm32f4xx_hal_tim.o
 .debug_info    0x0000825e     0x14d4 ./Drivers/STM32F4xx_HAL_Driver/Src/stm32f4xx_hal_tim_ex.o
 .debug_info    0x00009732     0x2f56 ./Drivers/STM32F4xx_HAL_Driver/Src/stm32f4xx_hal_uart.o
 .debug_info    0x0000c688      0x2aa ./ThirdParty/FreeRTOS/org/Source/list.o
 .debug_info    0x0000c932     0x2883 ./ThirdParty/FreeRTOS/org/Source/tasks.o
 .debug_info    0x0000f1b5      0x593 ./ThirdParty/FreeRTOS/org/Source/portable/GCC/ARM_CM4F/port.o
 .debug_info    0x0000f748      0x5d9 ./ThirdParty/FreeRTOS/org/Source/portable/MemMang/heap_4.o
 .debug_info    0x0000fd21      0x173 ./ThirdParty/SEGGER/Config/SEGGER_SYSVIEW_Config_FreeRTOS.o
 .debug_info    0x0000fe94      0x412 ./ThirdParty/SEGGER/OS/SEGGER_SYSVIEW_FreeRTOS.o
 .debug_info    0x000102a6      0xef3 ./ThirdParty/SEGGER/SEGGER/SEGGER_RTT.o
 .debug_info    0x00011199     0x3370 ./ThirdParty/SEGGER/SEGGER/SEGGER_SYSVIEW.o

.debug_abbrev   0x00000000     0x2c6c
 .debug_abbrev  0x00000000      0x312 ./Core/Src/main.o
 .debug_abbrev  0x00000312      0x1ac ./Core/Src/stm32f4xx_hal_msp.o
 .debug_abbrev  0x000004be      0x207 ./Core/Src/stm32f4xx_hal_timebase_tim.o
 .debug_abbrev  0x000006c5      0x190 ./Core/Src/stm32f4xx_it.o
 .debug_abbrev  0x00000855      0x11a ./Core/Src/system_stm32f4xx.o
 .debug_abbrev  0x0000096f       0x24 ./Core/Startup/startup_stm32f411retx.o
 .debug_abbrev  0x00000993      0x24b ./Drivers/STM32F4xx_HAL_Driver/Src/stm32f4xx_hal.o
 .debug_abbrev  0x00000bde      0x31d ./Drivers/STM32F4xx_HAL_Driver/Src/stm32f4xx_hal_cortex.o
 .debug_abbrev  0x00000efb      0x1d3 ./Drivers/STM32F4xx_HAL_Driver/Src/stm32f4xx_hal_gpio.o
 .debug_abbrev  0x000010ce      0x2b6 ./Drivers/STM32F4xx_HAL_Driver/Src/stm32f4xx_hal_rcc.o
 .debug_abbrev  0x00001384      0x28b ./Drivers/STM32F4xx_HAL_Driver/Src/stm32f4xx_hal_tim.o
 .debug_abbrev  0x0000160f      0x296 ./Drivers/STM32F4xx_HAL_Driver/Src/stm32f4xx_hal_tim_ex.o
 .debug_abbrev  0x000018a5      0x31b ./Drivers/STM32F4xx_HAL_Driver/Src/stm32f4xx_hal_uart.o
 .debug_abbrev  0x00001bc0       0xee ./ThirdParty/FreeRTOS/org/Source/list.o
 .debug_abbrev  0x00001cae      0x393 ./ThirdParty/FreeRTOS/org/Source/tasks.o
 .debug_abbrev  0x00002041      0x25d ./ThirdParty/FreeRTOS/org/Source/portable/GCC/ARM_CM4F/port.o
 .debug_abbrev  0x0000229e      0x25a ./ThirdParty/FreeRTOS/org/Source/portable/MemMang/heap_4.o
 .debug_abbrev  0x000024f8       0xdf ./ThirdParty/SEGGER/Config/SEGGER_SYSVIEW_Config_FreeRTOS.o
 .debug_abbrev  0x000025d7      0x1a4 ./ThirdParty/SEGGER/OS/SEGGER_SYSVIEW_FreeRTOS.o
 .debug_abbrev  0x0000277b      0x22d ./ThirdParty/SEGGER/SEGGER/SEGGER_RTT.o
 .debug_abbrev  0x000029a8      0x2c4 ./ThirdParty/SEGGER/SEGGER/SEGGER_SYSVIEW.o

.debug_aranges  0x00000000     0x12e8
 .debug_aranges
                0x00000000       0x70 ./Core/Src/main.o
 .debug_aranges
                0x00000070       0x30 ./Core/Src/stm32f4xx_hal_msp.o
 .debug_aranges
                0x000000a0       0x30 ./Core/Src/stm32f4xx_hal_timebase_tim.o
 .debug_aranges
                0x000000d0       0x50 ./Core/Src/stm32f4xx_it.o
 .debug_aranges
                0x00000120       0x28 ./Core/Src/system_stm32f4xx.o
 .debug_aranges
                0x00000148       0x28 ./Core/Startup/startup_stm32f411retx.o
 .debug_aranges
                0x00000170       0xf0 ./Drivers/STM32F4xx_HAL_Driver/Src/stm32f4xx_hal.o
 .debug_aranges
                0x00000260      0x130 ./Drivers/STM32F4xx_HAL_Driver/Src/stm32f4xx_hal_cortex.o
 .debug_aranges
                0x00000390       0x58 ./Drivers/STM32F4xx_HAL_Driver/Src/stm32f4xx_hal_gpio.o
 .debug_aranges
                0x000003e8       0x88 ./Drivers/STM32F4xx_HAL_Driver/Src/stm32f4xx_hal_rcc.o
 .debug_aranges
                0x00000470      0x3d0 ./Drivers/STM32F4xx_HAL_Driver/Src/stm32f4xx_hal_tim.o
 .debug_aranges
                0x00000840      0x168 ./Drivers/STM32F4xx_HAL_Driver/Src/stm32f4xx_hal_tim_ex.o
 .debug_aranges
                0x000009a8      0x208 ./Drivers/STM32F4xx_HAL_Driver/Src/stm32f4xx_hal_uart.o
 .debug_aranges
                0x00000bb0       0x40 ./ThirdParty/FreeRTOS/org/Source/list.o
 .debug_aranges
                0x00000bf0      0x228 ./ThirdParty/FreeRTOS/org/Source/tasks.o
 .debug_aranges
                0x00000e18       0x80 ./ThirdParty/FreeRTOS/org/Source/portable/GCC/ARM_CM4F/port.o
 .debug_aranges
                0x00000e98       0x68 ./ThirdParty/FreeRTOS/org/Source/portable/MemMang/heap_4.o
 .debug_aranges
                0x00000f00       0x28 ./ThirdParty/SEGGER/Config/SEGGER_SYSVIEW_Config_FreeRTOS.o
 .debug_aranges
                0x00000f28       0x48 ./ThirdParty/SEGGER/OS/SEGGER_SYSVIEW_FreeRTOS.o
 .debug_aranges
                0x00000f70      0x110 ./ThirdParty/SEGGER/SEGGER/SEGGER_RTT.o
 .debug_aranges
                0x00001080      0x268 ./ThirdParty/SEGGER/SEGGER/SEGGER_SYSVIEW.o

.debug_rnglists
                0x00000000      0xeda
 .debug_rnglists
                0x00000000       0x51 ./Core/Src/main.o
 .debug_rnglists
                0x00000051       0x20 ./Core/Src/stm32f4xx_hal_msp.o
 .debug_rnglists
                0x00000071       0x20 ./Core/Src/stm32f4xx_hal_timebase_tim.o
 .debug_rnglists
                0x00000091       0x37 ./Core/Src/stm32f4xx_it.o
 .debug_rnglists
                0x000000c8       0x1a ./Core/Src/system_stm32f4xx.o
 .debug_rnglists
                0x000000e2       0x19 ./Core/Startup/startup_stm32f411retx.o
 .debug_rnglists
                0x000000fb       0xaf ./Drivers/STM32F4xx_HAL_Driver/Src/stm32f4xx_hal.o
 .debug_rnglists
                0x000001aa       0xe0 ./Drivers/STM32F4xx_HAL_Driver/Src/stm32f4xx_hal_cortex.o
 .debug_rnglists
                0x0000028a       0x3f ./Drivers/STM32F4xx_HAL_Driver/Src/stm32f4xx_hal_gpio.o
 .debug_rnglists
                0x000002c9       0x66 ./Drivers/STM32F4xx_HAL_Driver/Src/stm32f4xx_hal_rcc.o
 .debug_rnglists
                0x0000032f      0x31a ./Drivers/STM32F4xx_HAL_Driver/Src/stm32f4xx_hal_tim.o
 .debug_rnglists
                0x00000649      0x125 ./Drivers/STM32F4xx_HAL_Driver/Src/stm32f4xx_hal_tim_ex.o
 .debug_rnglists
                0x0000076e      0x1bc ./Drivers/STM32F4xx_HAL_Driver/Src/stm32f4xx_hal_uart.o
 .debug_rnglists
                0x0000092a       0x2b ./ThirdParty/FreeRTOS/org/Source/list.o
 .debug_rnglists
                0x00000955      0x1c8 ./ThirdParty/FreeRTOS/org/Source/tasks.o
 .debug_rnglists
                0x00000b1d       0x5d ./ThirdParty/FreeRTOS/org/Source/portable/GCC/ARM_CM4F/port.o
 .debug_rnglists
                0x00000b7a       0x4e ./ThirdParty/FreeRTOS/org/Source/portable/MemMang/heap_4.o
 .debug_rnglists
                0x00000bc8       0x19 ./ThirdParty/SEGGER/Config/SEGGER_SYSVIEW_Config_FreeRTOS.o
 .debug_rnglists
                0x00000be1       0x36 ./ThirdParty/SEGGER/OS/SEGGER_SYSVIEW_FreeRTOS.o
 .debug_rnglists
                0x00000c17       0xd6 ./ThirdParty/SEGGER/SEGGER/SEGGER_RTT.o
 .debug_rnglists
                0x00000ced      0x1ed ./ThirdParty/SEGGER/SEGGER/SEGGER_SYSVIEW.o

.debug_macro    0x00000000    0x1934d
 .debug_macro   0x00000000      0x366 ./Core/Src/main.o
 .debug_macro   0x00000366      0xad8 ./Core/Src/main.o
 .debug_macro   0x00000e3e      0x29b ./Core/Src/main.o
 .debug_macro   0x000010d9       0x2e ./Core/Src/main.o
 .debug_macro   0x00001107       0x28 ./Core/Src/main.o
 .debug_macro   0x0000112f       0x22 ./Core/Src/main.o
 .debug_macro   0x00001151       0x8e ./Core/Src/main.o
 .debug_macro   0x000011df       0x51 ./Core/Src/main.o
 .debug_macro   0x00001230      0x103 ./Core/Src/main.o
 .debug_macro   0x00001333       0x6a ./Core/Src/main.o
 .debug_macro   0x0000139d      0x1df ./Core/Src/main.o
 .debug_macro   0x0000157c       0x1c ./Core/Src/main.o
 .debug_macro   0x00001598       0x22 ./Core/Src/main.o
 .debug_macro   0x000015ba       0xfb ./Core/Src/main.o
 .debug_macro   0x000016b5     0x1011 ./Core/Src/main.o
 .debug_macro   0x000026c6      0x11f ./Core/Src/main.o
 .debug_macro   0x000027e5     0xb968 ./Core/Src/main.o
 .debug_macro   0x0000e14d       0x6d ./Core/Src/main.o
 .debug_macro   0x0000e1ba     0x3693 ./Core/Src/main.o
 .debug_macro   0x0001184d      0x190 ./Core/Src/main.o
 .debug_macro   0x000119dd       0x5c ./Core/Src/main.o
 .debug_macro   0x00011a39      0x45c ./Core/Src/main.o
 .debug_macro   0x00011e95      0x9e9 ./Core/Src/main.o
 .debug_macro   0x0001287e      0x115 ./Core/Src/main.o
 .debug_macro   0x00012993      0x11b ./Core/Src/main.o
 .debug_macro   0x00012aae       0xa5 ./Core/Src/main.o
 .debug_macro   0x00012b53      0x15f ./Core/Src/main.o
 .debug_macro   0x00012cb2      0x287 ./Core/Src/main.o
 .debug_macro   0x00012f39       0x5f ./Core/Src/main.o
 .debug_macro   0x00012f98      0x236 ./Core/Src/main.o
 .debug_macro   0x000131ce      0x132 ./Core/Src/main.o
 .debug_macro   0x00013300      0x264 ./Core/Src/main.o
 .debug_macro   0x00013564       0x2e ./Core/Src/main.o
 .debug_macro   0x00013592      0x127 ./Core/Src/main.o
 .debug_macro   0x000136b9       0x85 ./Core/Src/main.o
 .debug_macro   0x0001373e       0x89 ./Core/Src/main.o
 .debug_macro   0x000137c7      0x8ed ./Core/Src/main.o
 .debug_macro   0x000140b4       0x47 ./Core/Src/main.o
 .debug_macro   0x000140fb      0x2aa ./Core/Src/main.o
 .debug_macro   0x000143a5      0x126 ./Core/Src/main.o
 .debug_macro   0x000144cb       0x58 ./Core/Src/main.o
 .debug_macro   0x00014523       0x16 ./Core/Src/main.o
 .debug_macro   0x00014539      0x10c ./Core/Src/main.o
 .debug_macro   0x00014645       0x58 ./Core/Src/main.o
 .debug_macro   0x0001469d       0x40 ./Core/Src/main.o
 .debug_macro   0x000146dd       0x4c ./Core/Src/main.o
 .debug_macro   0x00014729      0x1cd ./Core/Src/main.o
 .debug_macro   0x000148f6      0x45a ./Core/Src/main.o
 .debug_macro   0x00014d50       0x1c ./Core/Src/main.o
 .debug_macro   0x00014d6c      0x182 ./Core/Src/main.o
 .debug_macro   0x00014eee       0xee ./Core/Src/main.o
 .debug_macro   0x00014fdc       0x2e ./Core/Src/main.o
 .debug_macro   0x0001500a       0x1f ./Core/Src/main.o
 .debug_macro   0x00015029       0x12 ./Core/Src/main.o
 .debug_macro   0x0001503b      0xf8a ./Core/Src/main.o
 .debug_macro   0x00015fc5       0xc3 ./Core/Src/main.o
 .debug_macro   0x00016088      0x14f ./Core/Src/main.o
 .debug_macro   0x000161d7       0x61 ./Core/Src/main.o
 .debug_macro   0x00016238       0x2a ./Core/Src/main.o
 .debug_macro   0x00016262       0x43 ./Core/Src/main.o
 .debug_macro   0x000162a5       0x34 ./Core/Src/main.o
 .debug_macro   0x000162d9       0x16 ./Core/Src/main.o
 .debug_macro   0x000162ef       0x3c ./Core/Src/main.o
 .debug_macro   0x0001632b      0x370 ./Core/Src/main.o
 .debug_macro   0x0001669b       0x16 ./Core/Src/main.o
 .debug_macro   0x000166b1       0x4a ./Core/Src/main.o
 .debug_macro   0x000166fb       0x34 ./Core/Src/main.o
 .debug_macro   0x0001672f       0x10 ./Core/Src/main.o
 .debug_macro   0x0001673f       0x58 ./Core/Src/main.o
 .debug_macro   0x00016797       0x8e ./Core/Src/main.o
 .debug_macro   0x00016825       0x1c ./Core/Src/main.o
 .debug_macro   0x00016841      0x185 ./Core/Src/main.o
 .debug_macro   0x000169c6       0x16 ./Core/Src/main.o
 .debug_macro   0x000169dc       0x16 ./Core/Src/main.o
 .debug_macro   0x000169f2      0x146 ./Core/Src/main.o
 .debug_macro   0x00016b38      0x1dd ./Core/Src/stm32f4xx_hal_msp.o
 .debug_macro   0x00016d15      0x1ce ./Core/Src/stm32f4xx_hal_timebase_tim.o
 .debug_macro   0x00016ee3      0x1e7 ./Core/Src/stm32f4xx_it.o
 .debug_macro   0x000170ca      0x1ce ./Core/Src/system_stm32f4xx.o
 .debug_macro   0x00017298      0x22e ./Drivers/STM32F4xx_HAL_Driver/Src/stm32f4xx_hal.o
 .debug_macro   0x000174c6      0x1ce ./Drivers/STM32F4xx_HAL_Driver/Src/stm32f4xx_hal_cortex.o
 .debug_macro   0x00017694      0x1d4 ./Drivers/STM32F4xx_HAL_Driver/Src/stm32f4xx_hal_gpio.o
 .debug_macro   0x00017868      0x1f2 ./Drivers/STM32F4xx_HAL_Driver/Src/stm32f4xx_hal_rcc.o
 .debug_macro   0x00017a5a      0x1cf ./Drivers/STM32F4xx_HAL_Driver/Src/stm32f4xx_hal_tim.o
 .debug_macro   0x00017c29      0x1ce ./Drivers/STM32F4xx_HAL_Driver/Src/stm32f4xx_hal_tim_ex.o
 .debug_macro   0x00017df7      0x1cf ./Drivers/STM32F4xx_HAL_Driver/Src/stm32f4xx_hal_uart.o
 .debug_macro   0x00017fc6      0x1f1 ./ThirdParty/FreeRTOS/org/Source/list.o
 .debug_macro   0x000181b7      0x30e ./ThirdParty/FreeRTOS/org/Source/tasks.o
 .debug_macro   0x000184c5       0x17 ./ThirdParty/FreeRTOS/org/Source/tasks.o
 .debug_macro   0x000184dc      0x21e ./ThirdParty/FreeRTOS/org/Source/portable/GCC/ARM_CM4F/port.o
 .debug_macro   0x000186fa      0x286 ./ThirdParty/FreeRTOS/org/Source/portable/MemMang/heap_4.o
 .debug_macro   0x00018980      0x134 ./ThirdParty/SEGGER/Config/SEGGER_SYSVIEW_Config_FreeRTOS.o
 .debug_macro   0x00018ab4      0x200 ./ThirdParty/SEGGER/OS/SEGGER_SYSVIEW_FreeRTOS.o
 .debug_macro   0x00018cb4      0x176 ./ThirdParty/SEGGER/SEGGER/SEGGER_RTT.o
 .debug_macro   0x00018e2a       0x4f ./ThirdParty/SEGGER/SEGGER/SEGGER_RTT.o
 .debug_macro   0x00018e79      0x115 ./ThirdParty/SEGGER/SEGGER/SEGGER_RTT.o
 .debug_macro   0x00018f8e      0x20a ./ThirdParty/SEGGER/SEGGER/SEGGER_SYSVIEW.o
 .debug_macro   0x00019198       0x65 ./ThirdParty/SEGGER/SEGGER/SEGGER_SYSVIEW.o
 .debug_macro   0x000191fd       0x35 ./ThirdParty/SEGGER/SEGGER/SEGGER_SYSVIEW.o
 .debug_macro   0x00019232      0x11b ./ThirdParty/SEGGER/SEGGER/SEGGER_SYSVIEW.o

.debug_line     0x00000000    0x14ce1
 .debug_line    0x00000000      0xd7a ./Core/Src/main.o
 .debug_line    0x00000d7a      0x730 ./Core/Src/stm32f4xx_hal_msp.o
 .debug_line    0x000014aa      0x74f ./Core/Src/stm32f4xx_hal_timebase_tim.o
 .debug_line    0x00001bf9      0x76c ./Core/Src/stm32f4xx_it.o
 .debug_line    0x00002365      0x759 ./Core/Src/system_stm32f4xx.o
 .debug_line    0x00002abe       0x7a ./Core/Startup/startup_stm32f411retx.o
 .debug_line    0x00002b38      0x9d5 ./Drivers/STM32F4xx_HAL_Driver/Src/stm32f4xx_hal.o
 .debug_line    0x0000350d      0xca5 ./Drivers/STM32F4xx_HAL_Driver/Src/stm32f4xx_hal_cortex.o
 .debug_line    0x000041b2      0xaf1 ./Drivers/STM32F4xx_HAL_Driver/Src/stm32f4xx_hal_gpio.o
 .debug_line    0x00004ca3      0xde4 ./Drivers/STM32F4xx_HAL_Driver/Src/stm32f4xx_hal_rcc.o
 .debug_line    0x00005a87     0x3514 ./Drivers/STM32F4xx_HAL_Driver/Src/stm32f4xx_hal_tim.o
 .debug_line    0x00008f9b     0x18d0 ./Drivers/STM32F4xx_HAL_Driver/Src/stm32f4xx_hal_tim_ex.o
 .debug_line    0x0000a86b     0x251d ./Drivers/STM32F4xx_HAL_Driver/Src/stm32f4xx_hal_uart.o
 .debug_line    0x0000cd88      0x9b9 ./ThirdParty/FreeRTOS/org/Source/list.o
 .debug_line    0x0000d741     0x2277 ./ThirdParty/FreeRTOS/org/Source/tasks.o
 .debug_line    0x0000f9b8      0xacb ./ThirdParty/FreeRTOS/org/Source/portable/GCC/ARM_CM4F/port.o
 .debug_line    0x00010483      0xd42 ./ThirdParty/FreeRTOS/org/Source/portable/MemMang/heap_4.o
 .debug_line    0x000111c5      0x776 ./ThirdParty/SEGGER/Config/SEGGER_SYSVIEW_Config_FreeRTOS.o
 .debug_line    0x0001193b      0xa80 ./ThirdParty/SEGGER/OS/SEGGER_SYSVIEW_FreeRTOS.o
 .debug_line    0x000123bb      0xd7a ./ThirdParty/SEGGER/SEGGER/SEGGER_RTT.o
 .debug_line    0x00013135     0x1bac ./ThirdParty/SEGGER/SEGGER/SEGGER_SYSVIEW.o

.debug_str      0x00000000    0xa1730
 .debug_str     0x00000000    0xa1730 ./Core/Src/main.o
                              0x99592 (size before relaxing)
 .debug_str     0x000a1730        0x0 ./Core/Src/stm32f4xx_hal_msp.o
                              0x87784 (size before relaxing)
 .debug_str     0x000a1730        0x0 ./Core/Src/stm32f4xx_hal_timebase_tim.o
                              0x87b7e (size before relaxing)
 .debug_str     0x000a1730        0x0 ./Core/Src/stm32f4xx_it.o
                              0x87709 (size before relaxing)
 .debug_str     0x000a1730        0x0 ./Core/Src/system_stm32f4xx.o
                              0x871ef (size before relaxing)
 .debug_str     0x000a1730        0x0 ./Core/Startup/startup_stm32f411retx.o
                                 0x91 (size before relaxing)
 .debug_str     0x000a1730        0x0 ./Drivers/STM32F4xx_HAL_Driver/Src/stm32f4xx_hal.o
                              0x87c1b (size before relaxing)
 .debug_str     0x000a1730        0x0 ./Drivers/STM32F4xx_HAL_Driver/Src/stm32f4xx_hal_cortex.o
                              0x87985 (size before relaxing)
 .debug_str     0x000a1730        0x0 ./Drivers/STM32F4xx_HAL_Driver/Src/stm32f4xx_hal_gpio.o
                              0x8736a (size before relaxing)
 .debug_str     0x000a1730        0x0 ./Drivers/STM32F4xx_HAL_Driver/Src/stm32f4xx_hal_rcc.o
                              0x87623 (size before relaxing)
 .debug_str     0x000a1730        0x0 ./Drivers/STM32F4xx_HAL_Driver/Src/stm32f4xx_hal_tim.o
                              0x88567 (size before relaxing)
 .debug_str     0x000a1730        0x0 ./Drivers/STM32F4xx_HAL_Driver/Src/stm32f4xx_hal_tim_ex.o
                              0x87d73 (size before relaxing)
 .debug_str     0x000a1730        0x0 ./Drivers/STM32F4xx_HAL_Driver/Src/stm32f4xx_hal_uart.o
                              0x87bf2 (size before relaxing)
 .debug_str     0x000a1730        0x0 ./ThirdParty/FreeRTOS/org/Source/list.o
                              0x140fc (size before relaxing)
 .debug_str     0x000a1730        0x0 ./ThirdParty/FreeRTOS/org/Source/tasks.o
                              0x17a80 (size before relaxing)
 .debug_str     0x000a1730        0x0 ./ThirdParty/FreeRTOS/org/Source/portable/GCC/ARM_CM4F/port.o
                              0x12bfd (size before relaxing)
 .debug_str     0x000a1730        0x0 ./ThirdParty/FreeRTOS/org/Source/portable/MemMang/heap_4.o
                              0x15c53 (size before relaxing)
 .debug_str     0x000a1730        0x0 ./ThirdParty/SEGGER/Config/SEGGER_SYSVIEW_Config_FreeRTOS.o
                              0x1033f (size before relaxing)
 .debug_str     0x000a1730        0x0 ./ThirdParty/SEGGER/OS/SEGGER_SYSVIEW_FreeRTOS.o
                              0x15547 (size before relaxing)
 .debug_str     0x000a1730        0x0 ./ThirdParty/SEGGER/SEGGER/SEGGER_RTT.o
                               0x761d (size before relaxing)
 .debug_str     0x000a1730        0x0 ./ThirdParty/SEGGER/SEGGER/SEGGER_SYSVIEW.o
                               0x9608 (size before relaxing)

.comment        0x00000000       0x43
 .comment       0x00000000       0x43 ./Core/Src/main.o
                                 0x44 (size before relaxing)
 .comment       0x00000043        0x0 ./Core/Src/stm32f4xx_hal_msp.o
                                 0x44 (size before relaxing)
 .comment       0x00000043        0x0 ./Core/Src/stm32f4xx_hal_timebase_tim.o
                                 0x44 (size before relaxing)
 .comment       0x00000043        0x0 ./Core/Src/stm32f4xx_it.o
                                 0x44 (size before relaxing)
 .comment       0x00000043        0x0 ./Core/Src/system_stm32f4xx.o
                                 0x44 (size before relaxing)
 .comment       0x00000043        0x0 ./Drivers/STM32F4xx_HAL_Driver/Src/stm32f4xx_hal.o
                                 0x44 (size before relaxing)
 .comment       0x00000043        0x0 ./Drivers/STM32F4xx_HAL_Driver/Src/stm32f4xx_hal_cortex.o
                                 0x44 (size before relaxing)
 .comment       0x00000043        0x0 ./Drivers/STM32F4xx_HAL_Driver/Src/stm32f4xx_hal_gpio.o
                                 0x44 (size before relaxing)
 .comment       0x00000043        0x0 ./Drivers/STM32F4xx_HAL_Driver/Src/stm32f4xx_hal_rcc.o
                                 0x44 (size before relaxing)
 .comment       0x00000043        0x0 ./Drivers/STM32F4xx_HAL_Driver/Src/stm32f4xx_hal_tim.o
                                 0x44 (size before relaxing)
 .comment       0x00000043        0x0 ./Drivers/STM32F4xx_HAL_Driver/Src/stm32f4xx_hal_tim_ex.o
                                 0x44 (size before relaxing)
 .comment       0x00000043        0x0 ./Drivers/STM32F4xx_HAL_Driver/Src/stm32f4xx_hal_uart.o
                                 0x44 (size before relaxing)
 .comment       0x00000043        0x0 ./ThirdParty/FreeRTOS/org/Source/list.o
                                 0x44 (size before relaxing)
 .comment       0x00000043        0x0 ./ThirdParty/FreeRTOS/org/Source/tasks.o
                                 0x44 (size before relaxing)
 .comment       0x00000043        0x0 ./ThirdParty/FreeRTOS/org/Source/portable/GCC/ARM_CM4F/port.o
                                 0x44 (size before relaxing)
 .comment       0x00000043        0x0 ./ThirdParty/FreeRTOS/org/Source/portable/MemMang/heap_4.o
                                 0x44 (size before relaxing)
 .comment       0x00000043        0x0 ./ThirdParty/SEGGER/Config/SEGGER_SYSVIEW_Config_FreeRTOS.o
                                 0x44 (size before relaxing)
 .comment       0x00000043        0x0 ./ThirdParty/SEGGER/OS/SEGGER_SYSVIEW_FreeRTOS.o
                                 0x44 (size before relaxing)
 .comment       0x00000043        0x0 ./ThirdParty/SEGGER/SEGGER/SEGGER_RTT.o
                                 0x44 (size before relaxing)
 .comment       0x00000043        0x0 ./ThirdParty/SEGGER/SEGGER/SEGGER_SYSVIEW.o
                                 0x44 (size before relaxing)

.debug_frame    0x00000000     0x5034
 .debug_frame   0x00000000      0x178 ./Core/Src/main.o
 .debug_frame   0x00000178       0x80 ./Core/Src/stm32f4xx_hal_msp.o
 .debug_frame   0x000001f8       0x74 ./Core/Src/stm32f4xx_hal_timebase_tim.o
 .debug_frame   0x0000026c       0xc4 ./Core/Src/stm32f4xx_it.o
 .debug_frame   0x00000330       0x58 ./Core/Src/system_stm32f4xx.o
 .debug_frame   0x00000388      0x374 ./Drivers/STM32F4xx_HAL_Driver/Src/stm32f4xx_hal.o
 .debug_frame   0x000006fc      0x508 ./Drivers/STM32F4xx_HAL_Driver/Src/stm32f4xx_hal_cortex.o
 .debug_frame   0x00000c04      0x14c ./Drivers/STM32F4xx_HAL_Driver/Src/stm32f4xx_hal_gpio.o
 .debug_frame   0x00000d50      0x1f4 ./Drivers/STM32F4xx_HAL_Driver/Src/stm32f4xx_hal_rcc.o
 .debug_frame   0x00000f44     0x11b8 ./Drivers/STM32F4xx_HAL_Driver/Src/stm32f4xx_hal_tim.o
 .debug_frame   0x000020fc      0x638 ./Drivers/STM32F4xx_HAL_Driver/Src/stm32f4xx_hal_tim_ex.o
 .debug_frame   0x00002734      0x954 ./Drivers/STM32F4xx_HAL_Driver/Src/stm32f4xx_hal_uart.o
 .debug_frame   0x00003088       0xd8 ./ThirdParty/FreeRTOS/org/Source/list.o
 .debug_frame   0x00003160      0x99c ./ThirdParty/FreeRTOS/org/Source/tasks.o
 .debug_frame   0x00003afc      0x1a8 ./ThirdParty/FreeRTOS/org/Source/portable/GCC/ARM_CM4F/port.o
 .debug_frame   0x00003ca4      0x174 ./ThirdParty/FreeRTOS/org/Source/portable/MemMang/heap_4.o
 .debug_frame   0x00003e18       0x48 ./ThirdParty/SEGGER/Config/SEGGER_SYSVIEW_Config_FreeRTOS.o
 .debug_frame   0x00003e60      0x104 ./ThirdParty/SEGGER/OS/SEGGER_SYSVIEW_FreeRTOS.o
 .debug_frame   0x00003f64      0x478 ./ThirdParty/SEGGER/SEGGER/SEGGER_RTT.o
 .debug_frame   0x000043dc      0xb5c ./ThirdParty/SEGGER/SEGGER/SEGGER_SYSVIEW.o
 .debug_frame   0x00004f38       0x28 /Applications/STM32CubeIDE.app/Contents/Eclipse/plugins/com.st.stm32cube.ide.mcu.externaltools.gnu-tools-for-stm32.13.3.rel1.macos64_1.0.100.202509120712/tools/bin/../lib/gcc/arm-none-eabi/13.3.1/../../../../arm-none-eabi/lib/thumb/v7e-m+fp/hard/libc_nano.a(libc_a-memcmp.o)
 .debug_frame   0x00004f60       0x20 /Applications/STM32CubeIDE.app/Contents/Eclipse/plugins/com.st.stm32cube.ide.mcu.externaltools.gnu-tools-for-stm32.13.3.rel1.macos64_1.0.100.202509120712/tools/bin/../lib/gcc/arm-none-eabi/13.3.1/../../../../arm-none-eabi/lib/thumb/v7e-m+fp/hard/libc_nano.a(libc_a-memset.o)
 .debug_frame   0x00004f80       0x2c /Applications/STM32CubeIDE.app/Contents/Eclipse/plugins/com.st.stm32cube.ide.mcu.externaltools.gnu-tools-for-stm32.13.3.rel1.macos64_1.0.100.202509120712/tools/bin/../lib/gcc/arm-none-eabi/13.3.1/../../../../arm-none-eabi/lib/thumb/v7e-m+fp/hard/libc_nano.a(libc_a-init.o)
 .debug_frame   0x00004fac       0x28 /Applications/STM32CubeIDE.app/Contents/Eclipse/plugins/com.st.stm32cube.ide.mcu.externaltools.gnu-tools-for-stm32.13.3.rel1.macos64_1.0.100.202509120712/tools/bin/../lib/gcc/arm-none-eabi/13.3.1/../../../../arm-none-eabi/lib/thumb/v7e-m+fp/hard/libc_nano.a(libc_a-memcpy-stub.o)
 .debug_frame   0x00004fd4       0x2c /Applications/STM32CubeIDE.app/Contents/Eclipse/plugins/com.st.stm32cube.ide.mcu.externaltools.gnu-tools-for-stm32.13.3.rel1.macos64_1.0.100.202509120712/tools/bin/../lib/gcc/arm-none-eabi/13.3.1/thumb/v7e-m+fp/hard/libgcc.a(_aeabi_uldivmod.o)
 .debug_frame   0x00005000       0x34 /Applications/STM32CubeIDE.app/Contents/Eclipse/plugins/com.st.stm32cube.ide.mcu.externaltools.gnu-tools-for-stm32.13.3.rel1.macos64_1.0.100.202509120712/tools/bin/../lib/gcc/arm-none-eabi/13.3.1/thumb/v7e-m+fp/hard/libgcc.a(_udivmoddi4.o)

.debug_line_str
                0x00000000       0x75
 .debug_line_str
                0x00000000       0x75 ./Core/Startup/startup_stm32f411retx.o
